Component: ARM Compiler 5.06 update 5 (build 528) Tool: armlink [4d35e2]

==============================================================================

Section Cross References

    main.o(i.Balance_PD) refers to fmul.o(x$fpl$fmul) for __aeabi_fmul
    main.o(i.Balance_PD) refers to faddsub_clz.o(x$fpl$fadd) for __aeabi_fadd
    main.o(i.Balance_PD) refers to ffix.o(x$fpl$ffix) for __aeabi_f2iz
    main.o(i.EXTI15_10_IRQHandler) refers to mpu6050.o(i.MPU6050_getDate) for MPU6050_getDate
    main.o(i.EXTI15_10_IRQHandler) refers to faddsub_clz.o(x$fpl$fsub) for __aeabi_fsub
    main.o(i.EXTI15_10_IRQHandler) refers to encoder.o(i.Read_Encoder) for Read_Encoder
    main.o(i.EXTI15_10_IRQHandler) refers to main.o(i.Balance_PD) for Balance_PD
    main.o(i.EXTI15_10_IRQHandler) refers to main.o(i.Velocity_PI) for Velocity_PI
    main.o(i.EXTI15_10_IRQHandler) refers to main.o(i.Turn_PI) for Turn_PI
    main.o(i.EXTI15_10_IRQHandler) refers to motor.o(i.PWM_Ignore) for PWM_Ignore
    main.o(i.EXTI15_10_IRQHandler) refers to motor.o(i.PWM_Limit) for PWM_Limit
    main.o(i.EXTI15_10_IRQHandler) refers to motor.o(i.Set_Pwm) for Set_Pwm
    main.o(i.EXTI15_10_IRQHandler) refers to main.o(.data) for Gyro_turn
    main.o(i.EXTI15_10_IRQHandler) refers to mpu6050.o(.data) for Yaw
    main.o(i.Turn_PI) refers to fflt_clz.o(x$fpl$fflt) for __aeabi_i2f
    main.o(i.Turn_PI) refers to faddsub_clz.o(x$fpl$fadd) for __aeabi_fadd
    main.o(i.Turn_PI) refers to ffix.o(x$fpl$ffix) for __aeabi_f2iz
    main.o(i.Turn_PI) refers to fmul.o(x$fpl$fmul) for __aeabi_fmul
    main.o(i.Turn_PI) refers to main.o(.data) for I
    main.o(i.Velocity_PI) refers to fflt_clz.o(x$fpl$fflt) for __aeabi_i2f
    main.o(i.Velocity_PI) refers to fmul.o(x$fpl$fmul) for __aeabi_fmul
    main.o(i.Velocity_PI) refers to faddsub_clz.o(x$fpl$fadd) for __aeabi_fadd
    main.o(i.Velocity_PI) refers to ffix.o(x$fpl$ffix) for __aeabi_f2iz
    main.o(i.Velocity_PI) refers to main.o(.data) for I
    main.o(i.main) refers to _printf_percent.o(.ARM.Collect$$_printf_percent$$00000000) for _printf_percent
    main.o(i.main) refers to _printf_f.o(.ARM.Collect$$_printf_percent$$00000003) for _printf_f
    main.o(i.main) refers to printf1.o(x$fpl$printf1) for _printf_fp_dec
    main.o(i.main) refers to bsp.o(i.bsp_init) for bsp_init
    main.o(i.main) refers to noretval__2sprintf.o(.text) for __2sprintf
    main.o(i.main) refers to bsp_oled.o(i.OLED_Draw_Line) for OLED_Draw_Line
    main.o(i.main) refers to f2d.o(x$fpl$f2d) for __aeabi_f2d
    main.o(i.main) refers to bsp_bluetooth.o(i.bluetooth_send_string) for bluetooth_send_string
    main.o(i.main) refers to faddsub_clz.o(x$fpl$fsub) for __aeabi_fsub
    main.o(i.main) refers to main.o(i.my_f_abs) for my_f_abs
    main.o(i.main) refers to dleqf.o(x$fpl$dleqf) for __aeabi_cdcmple
    main.o(i.main) refers to bsp_timer.o(i.delay_time) for delay_time
    main.o(i.main) refers to stm32f10x_gpio.o(i.GPIO_ReadInputDataBit) for GPIO_ReadInputDataBit
    main.o(i.main) refers to main.o(.bss) for showbuf
    main.o(i.main) refers to mpu6050.o(.data) for Yaw
    main.o(i.main) refers to main.o(.data) for ring
    main.o(i.my_f_abs) refers to frleqf.o(x$fpl$frleqf) for __aeabi_cfrcmple
    startup_stm32f10x_hd.o(STACK) refers (Special) to heapauxi.o(.text) for __use_two_region_memory
    startup_stm32f10x_hd.o(HEAP) refers (Special) to heapauxi.o(.text) for __use_two_region_memory
    startup_stm32f10x_hd.o(RESET) refers (Special) to heapauxi.o(.text) for __use_two_region_memory
    startup_stm32f10x_hd.o(RESET) refers to startup_stm32f10x_hd.o(STACK) for __initial_sp
    startup_stm32f10x_hd.o(RESET) refers to startup_stm32f10x_hd.o(.text) for Reset_Handler
    startup_stm32f10x_hd.o(RESET) refers to stm32f10x_it.o(i.NMI_Handler) for NMI_Handler
    startup_stm32f10x_hd.o(RESET) refers to stm32f10x_it.o(i.HardFault_Handler) for HardFault_Handler
    startup_stm32f10x_hd.o(RESET) refers to stm32f10x_it.o(i.MemManage_Handler) for MemManage_Handler
    startup_stm32f10x_hd.o(RESET) refers to stm32f10x_it.o(i.BusFault_Handler) for BusFault_Handler
    startup_stm32f10x_hd.o(RESET) refers to stm32f10x_it.o(i.UsageFault_Handler) for UsageFault_Handler
    startup_stm32f10x_hd.o(RESET) refers to stm32f10x_it.o(i.SVC_Handler) for SVC_Handler
    startup_stm32f10x_hd.o(RESET) refers to stm32f10x_it.o(i.DebugMon_Handler) for DebugMon_Handler
    startup_stm32f10x_hd.o(RESET) refers to stm32f10x_it.o(i.PendSV_Handler) for PendSV_Handler
    startup_stm32f10x_hd.o(RESET) refers to stm32f10x_it.o(i.SysTick_Handler) for SysTick_Handler
    startup_stm32f10x_hd.o(RESET) refers to encoder.o(i.TIM3_IRQHandler) for TIM3_IRQHandler
    startup_stm32f10x_hd.o(RESET) refers to encoder.o(i.TIM4_IRQHandler) for TIM4_IRQHandler
    startup_stm32f10x_hd.o(RESET) refers to usart.o(i.USART1_IRQHandler) for USART1_IRQHandler
    startup_stm32f10x_hd.o(RESET) refers to main.o(i.EXTI15_10_IRQHandler) for EXTI15_10_IRQHandler
[...]
    FSMC_IRQHandler                          0x08000247   Thumb Code     0  startup_stm32f10x_hd.o(.text)
    I2C1_ER_IRQHandler                       0x08000247   Thumb Code     0  startup_stm32f10x_hd.o(.text)
    I2C1_EV_IRQHandler                       0x08000247   Thumb Code     0  startup_stm32f10x_hd.o(.text)
    I2C2_ER_IRQHandler                       0x08000247   Thumb Code     0  startup_stm32f10x_hd.o(.text)
    I2C2_EV_IRQHandler                       0x08000247   Thumb Code     0  startup_stm32f10x_hd.o(.text)
    PVD_IRQHandler                           0x08000247   Thumb Code     0  startup_stm32f10x_hd.o(.text)
    RCC_IRQHandler                           0x08000247   Thumb Code     0  startup_stm32f10x_hd.o(.text)
    RTCAlarm_IRQHandler                      0x08000247   Thumb Code     0  startup_stm32f10x_hd.o(.text)
    RTC_IRQHandler                           0x08000247   Thumb Code     0  startup_stm32f10x_hd.o(.text)
    SDIO_IRQHandler                          0x08000247   Thumb Code     0  startup_stm32f10x_hd.o(.text)
    SPI1_IRQHandler                          0x08000247   Thumb Code     0  startup_stm32f10x_hd.o(.text)
    SPI2_IRQHandler                          0x08000247   Thumb Code     0  startup_stm32f10x_hd.o(.text)
    SPI3_IRQHandler                          0x08000247   Thumb Code     0  startup_stm32f10x_hd.o(.text)
    TAMPER_IRQHandler                        0x08000247   Thumb Code     0  startup_stm32f10x_hd.o(.text)
    TIM1_BRK_IRQHandler                      0x08000247   Thumb Code     0  startup_stm32f10x_hd.o(.text)
    TIM1_CC_IRQHandler                       0x08000247   Thumb Code     0  startup_stm32f10x_hd.o(.text)
    TIM1_TRG_COM_IRQHandler                  0x08000247   Thumb Code     0  startup_stm32f10x_hd.o(.text)
    TIM1_UP_IRQHandler                       0x08000247   Thumb Code     0  startup_stm32f10x_hd.o(.text)
    TIM2_IRQHandler                          0x08000247   Thumb Code     0  startup_stm32f10x_hd.o(.text)
    TIM5_IRQHandler                          0x08000247   Thumb Code     0  startup_stm32f10x_hd.o(.text)
    TIM7_IRQHandler                          0x08000247   Thumb Code     0  startup_stm32f10x_hd.o(.text)
    TIM8_BRK_IRQHandler                      0x08000247   Thumb Code     0  startup_stm32f10x_hd.o(.text)
    TIM8_CC_IRQHandler                       0x08000247   Thumb Code     0  startup_stm32f10x_hd.o(.text)
    TIM8_TRG_COM_IRQHandler                  0x08000247   Thumb Code     0  startup_stm32f10x_hd.o(.text)
    TIM8_UP_IRQHandler                       0x08000247   Thumb Code     0  startup_stm32f10x_hd.o(.text)
    UART4_IRQHandler                         0x08000247   Thumb Code     0  startup_stm32f10x_hd.o(.text)
    UART5_IRQHandler                         0x08000247   Thumb Code     0  startup_stm32f10x_hd.o(.text)
    USART2_IRQHandler                        0x08000247   Thumb Code     0  startup_stm32f10x_hd.o(.text)
    USART3_IRQHandler                        0x08000247   Thumb Code     0  startup_stm32f10x_hd.o(.text)
    USBWakeUp_IRQHandler                     0x08000247   Thumb Code     0  startup_stm32f10x_hd.o(.text)
    USB_HP_CAN1_TX_IRQHandler                0x08000247   Thumb Code     0  startup_stm32f10x_hd.o(.text)
    USB_LP_CAN1_RX0_IRQHandler               0x08000247   Thumb Code     0  startup_stm32f10x_hd.o(.text)
    WWDG_IRQHandler                          0x08000247   Thumb Code     0  startup_stm32f10x_hd.o(.text)
    __user_initial_stackheap                 0x08000249   Thumb Code     0  startup_stm32f10x_hd.o(.text)
    __use_no_semihosting                     0x0800026d   Thumb Code     2  use_no_semi_2.o(.text)
    __aeabi_ldivmod                          0x0800026f   Thumb Code     0  llsdiv.o(.text)
    _ll_sdiv                                 0x0800026f   Thumb Code    72  llsdiv.o(.text)
    __2printf                                0x080002b9   Thumb Code    20  noretval__2printf.o(.text)
    __2sprintf                               0x080002d1   Thumb Code    34  noretval__2sprintf.o(.text)
    __printf                                 0x080002f9   Thumb Code   104  __printf.o(.text)
    _printf_int_dec                          0x08000361   Thumb Code   104  _printf_dec.o(.text)
    memcmp                                   0x080003d9   Thumb Code    88  memcmp.o(.text)
    __aeabi_memset                           0x08000431   Thumb Code    16  aeabi_memset.o(.text)
    __aeabi_memclr                           0x08000441   Thumb Code     0  rt_memclr.o(.text)
    __rt_memclr                              0x08000441   Thumb Code    68  rt_memclr.o(.text)
    _memset                                  0x08000445   Thumb Code     0  rt_memclr.o(.text)
    __use_two_region_memory                  0x08000485   Thumb Code     2  heapauxi.o(.text)
    __rt_heap_escrow$2region                 0x08000487   Thumb Code     2  heapauxi.o(.text)
    __rt_heap_expand$2region                 0x08000489   Thumb Code     2  heapauxi.o(.text)
    __I$use$semihosting                      0x0800048b   Thumb Code     0  use_no_semi.o(.text)
    __use_no_semihosting_swi                 0x0800048b   Thumb Code     2  use_no_semi.o(.text)
    __aeabi_uldivmod                         0x0800048d   Thumb Code     0  lludivv7m.o(.text)
    _ll_udiv                                 0x0800048d   Thumb Code   238  lludivv7m.o(.text)
    __read_errno                             0x0800057b   Thumb Code    10  _rserrno.o(.text)
    __set_errno                              0x08000585   Thumb Code    12  _rserrno.o(.text)
    _printf_int_common                       0x08000591   Thumb Code   178  _printf_intcommon.o(.text)
    __lib_sel_fp_printf                      0x08000643   Thumb Code     2  _printf_fp_dec.o(.text)
    _printf_fp_dec_real                      0x080007f5   Thumb Code   620  _printf_fp_dec.o(.text)
    _printf_char_common                      0x08000a6b   Thumb Code    32  _printf_char_common.o(.text)
    _sputc                                   0x08000a91   Thumb Code    10  _sputc.o(.text)
    _printf_char_file                        0x08000a9d   Thumb Code    32  _printf_char_file.o(.text)
    __aeabi_memclr4                          0x08000ac1   Thumb Code     0  rt_memclr_w.o(.text)
    __aeabi_memclr8                          0x08000ac1   Thumb Code     0  rt_memclr_w.o(.text)
    __rt_memclr_w                            0x08000ac1   Thumb Code    78  rt_memclr_w.o(.text)
    _memset_w                                0x08000ac5   Thumb Code     0  rt_memclr_w.o(.text)
    __rt_locale                              0x08000b11   Thumb Code     8  rt_locale_intlibspace.o(.text)
    __aeabi_errno_addr                       0x08000b19   Thumb Code     8  rt_errno_addr_intlibspace.o(.text)
    __errno$intlibspace                      0x08000b19   Thumb Code     0  rt_errno_addr_intlibspace.o(.text)
    __rt_errno_addr$intlibspace              0x08000b19   Thumb Code     0  rt_errno_addr_intlibspace.o(.text)
    _ll_udiv10                               0x08000b21   Thumb Code   138  lludiv10.o(.text)
    _printf_fp_infnan                        0x08000bad   Thumb Code   112  _printf_fp_infnan.o(.text)
    _btod_etento                             0x08000c2d   Thumb Code   224  bigflt0.o(.text)
    ferror                                   0x08000d11   Thumb Code     8  ferror.o(.text)
    __user_libspace                          0x08000d19   Thumb Code     8  libspace.o(.text)
    __user_perproc_libspace                  0x08000d19   Thumb Code     0  libspace.o(.text)
    __user_perthread_libspace                0x08000d19   Thumb Code     0  libspace.o(.text)
    __user_setup_stackheap                   0x08000d21   Thumb Code    74  sys_stackheap_outer.o(.text)
    exit                                     0x08000d6b   Thumb Code    18  exit.o(.text)
    strcmp                                   0x08000d7d   Thumb Code   128  strcmpv7m.o(.text)
    _btod_d2e                                0x08000dfd   Thumb Code    62  btod.o(CL$$btod_d2e)
    _d2e_denorm_low                          0x08000e3b   Thumb Code    70  btod.o(CL$$btod_d2e_denorm_low)
    _d2e_norm_op1                            0x08000e81   Thumb Code    96  btod.o(CL$$btod_d2e_norm_op1)
    __btod_div_common                        0x08000ee1   Thumb Code   696  btod.o(CL$$btod_div_common)
    _e2e                                     0x08001219   Thumb Code   220  btod.o(CL$$btod_e2e)
    _btod_ediv                               0x080012f5   Thumb Code    42  btod.o(CL$$btod_ediv)
    _btod_emul                               0x0800131f   Thumb Code    42  btod.o(CL$$btod_emul)
    __btod_mult_common                       0x08001349   Thumb Code   580  btod.o(CL$$btod_mult_common)
    ADC_Cmd                                  0x0800158d   Thumb Code    22  stm32f10x_adc.o(i.ADC_Cmd)
    ADC_DeInit                               0x080015a5   Thumb Code    78  stm32f10x_adc.o(i.ADC_DeInit)
    ADC_GetCalibrationStatus                 0x08001601   Thumb Code    20  stm32f10x_adc.o(i.ADC_GetCalibrationStatus)
    ADC_GetResetCalibrationStatus            0x08001615   Thumb Code    20  stm32f10x_adc.o(i.ADC_GetResetCalibrationStatus)
    ADC_Init                                 0x08001629   Thumb Code    70  stm32f10x_adc.o(i.ADC_Init)
    ADC_ResetCalibration                     0x08001679   Thumb Code    10  stm32f10x_adc.o(i.ADC_ResetCalibration)
    ADC_StartCalibration                     0x08001683   Thumb Code    10  stm32f10x_adc.o(i.ADC_StartCalibration)
    Balance_Motor_Init                       0x0800168d   Thumb Code    40  motor.o(i.Balance_Motor_Init)
    Balance_PD                               0x080016b9   Thumb Code    48  main.o(i.Balance_PD)
    Balance_PWM_Init                         0x080016f1   Thumb Code   166  motor.o(i.Balance_PWM_Init)
    Battery_init                             0x0800179d   Thumb Code   132  bsp_battery.o(i.Battery_init)
    BusFault_Handler                         0x08001829   Thumb Code     4  stm32f10x_it.o(i.BusFault_Handler)
    Complementary_Filter_x                   0x0800182d   Thumb Code   138  mpu6050.o(i.Complementary_Filter_x)
    Complementary_Filter_y                   0x080018c9   Thumb Code   138  mpu6050.o(i.Complementary_Filter_y)
    DIY_NVIC_PriorityGroupConfig             0x08001965   Thumb Code    32  bsp.o(i.DIY_NVIC_PriorityGroupConfig)
    DMP_Init                                 0x0800198d   Thumb Code   194  mpu6050.o(i.DMP_Init)
    DebugMon_Handler                         0x08001b9d   Thumb Code     2  stm32f10x_it.o(i.DebugMon_Handler)
    EXTI15_10_IRQHandler                     0x08001bc5   Thumb Code   218  main.o(i.EXTI15_10_IRQHandler)
    EXTI_Init                                0x08001cc1   Thumb Code   142  stm32f10x_exti.o(i.EXTI_Init)
    Encoder_Init_TIM3                        0x08001d55   Thumb Code   148  encoder.o(i.Encoder_Init_TIM3)
    Encoder_Init_TIM4                        0x08001df1   Thumb Code   148  encoder.o(i.Encoder_Init_TIM4)
    GPIO_EXTILineConfig                      0x08001e8d   Thumb Code    60  stm32f10x_gpio.o(i.GPIO_EXTILineConfig)
    GPIO_Init                                0x08001ecd   Thumb Code   278  stm32f10x_gpio.o(i.GPIO_Init)
    GPIO_ReadInputDataBit                    0x08001fe3   Thumb Code    18  stm32f10x_gpio.o(i.GPIO_ReadInputDataBit)
    HardFault_Handler                        0x08001ff5   Thumb Code     4  stm32f10x_it.o(i.HardFault_Handler)
    I2C_ReadOneByte                          0x08001ff9   Thumb Code    70  ioi2c.o(i.I2C_ReadOneByte)
    IIC_Ack                                  0x08002041   Thumb Code    64  ioi2c.o(i.IIC_Ack)
    IIC_MPU6050_Init                         0x0800208d   Thumb Code    40  ioi2c.o(i.IIC_MPU6050_Init)
    IIC_NAck                                 0x080020b9   Thumb Code    62  ioi2c.o(i.IIC_NAck)
    IIC_Read_Byte                            0x08002105   Thumb Code    98  ioi2c.o(i.IIC_Read_Byte)
    IIC_Send_Byte                            0x08002175   Thumb Code    88  ioi2c.o(i.IIC_Send_Byte)
    IIC_Start                                0x080021d9   Thumb Code    92  ioi2c.o(i.IIC_Start)
    IIC_Stop                                 0x08002241   Thumb Code    60  ioi2c.o(i.IIC_Stop)
    IIC_Wait_Ack                             0x08002289   Thumb Code    92  ioi2c.o(i.IIC_Wait_Ack)
    IICreadByte                              0x080022f1   Thumb Code    22  ioi2c.o(i.IICreadByte)
    IICwriteBit                              0x08002307   Thumb Code    64  ioi2c.o(i.IICwriteBit)
    IICwriteBits                             0x08002347   Thumb Code   106  ioi2c.o(i.IICwriteBits)
    IICwriteByte                             0x080023b1   Thumb Code    20  ioi2c.o(i.IICwriteByte)
    IICwriteBytes                            0x080023c5   Thumb Code    70  ioi2c.o(i.IICwriteBytes)
    Init_Beep                                0x0800240d   Thumb Code    46  bsp_beep.o(i.Init_Beep)
    Init_Led_GPIO                            0x08002445   Thumb Code    44  bsp_led.o(i.Init_Led_GPIO)
    JTAG_Set                                 0x08002479   Thumb Code    38  bsp.o(i.JTAG_Set)
    KF_X                                     0x080024a9   Thumb Code   666  mpu6050.o(i.KF_X)
    KF_Y                                     0x08002761   Thumb Code   666  mpu6050.o(i.KF_Y)
    Key1_GPIO_Init                           0x08002a19   Thumb Code    34  bsp_key.o(i.Key1_GPIO_Init)
    MPU6050_EXTI_Init                        0x08002a41   Thumb Code   108  mpu6050.o(i.MPU6050_EXTI_Init)
    MPU6050_Init                             0x08002ab1   Thumb Code    24  mpu6050.o(i.MPU6050_Init)
    MPU6050_getDate                          0x08002ac9   Thumb Code   948  mpu6050.o(i.MPU6050_getDate)
    MPU6050_initialize                       0x08002ea9   Thumb Code    82  mpu6050.o(i.MPU6050_initialize)
    MPU6050_setClockSource                   0x08002f35   Thumb Code    20  mpu6050.o(i.MPU6050_setClockSource)
    MPU6050_setFullScaleAccelRange           0x08002f49   Thumb Code    20  mpu6050.o(i.MPU6050_setFullScaleAccelRange)
    MPU6050_setFullScaleGyroRange            0x08002f5d   Thumb Code    20  mpu6050.o(i.MPU6050_setFullScaleGyroRange)
    MPU6050_setI2CBypassEnabled              0x08002f71   Thumb Code    18  mpu6050.o(i.MPU6050_setI2CBypassEnabled)
    MPU6050_setI2CMasterModeEnabled          0x08002f83   Thumb Code    18  mpu6050.o(i.MPU6050_setI2CMasterModeEnabled)
    MPU6050_setSleepEnabled                  0x08002f95   Thumb Code    18  mpu6050.o(i.MPU6050_setSleepEnabled)
    MemManage_Handler                        0x08002fa7   Thumb Code     4  stm32f10x_it.o(i.MemManage_Handler)
    NMI_Handler                              0x08002fab   Thumb Code     2  stm32f10x_it.o(i.NMI_Handler)
    NVIC_Init                                0x08002fad   Thumb Code   100  misc.o(i.NVIC_Init)
    OLED_Clear                               0x0800301d   Thumb Code    10  bsp_oled.o(i.OLED_Clear)
    OLED_Draw_Line                           0x08003027   Thumb Code    42  bsp_oled.o(i.OLED_Draw_Line)
    OLED_Draw_String                         0x08003051   Thumb Code    54  bsp_oled.o(i.OLED_Draw_String)
    OLED_I2C_Init                            0x0800308d   Thumb Code    12  bsp_oled_i2c.o(i.OLED_I2C_Init)
    OLED_IIC_Init                            0x08003099   Thumb Code    36  bsp_oled_i2c.o(i.OLED_IIC_Init)
    OLED_IIC_Send_Byte                       0x080030c5   Thumb Code    88  bsp_oled_i2c.o(i.OLED_IIC_Send_Byte)
    OLED_IIC_Start                           0x08003129   Thumb Code    92  bsp_oled_i2c.o(i.OLED_IIC_Start)
    OLED_IIC_Stop                            0x08003191   Thumb Code    68  bsp_oled_i2c.o(i.OLED_IIC_Stop)
    OLED_IIC_Wait_Ack                        0x080031e1   Thumb Code    92  bsp_oled_i2c.o(i.OLED_IIC_Wait_Ack)
    OLED_Init                                0x08003249   Thumb Code   318  bsp_oled.o(i.OLED_Init)
    OLED_Refresh                             0x0800338d   Thumb Code     8  bsp_oled.o(i.OLED_Refresh)
    OLED_i2cWrite                            0x08003395   Thumb Code    96  bsp_oled_i2c.o(i.OLED_i2cWrite)
    PWM_Ignore                               0x080033f5   Thumb Code    26  motor.o(i.PWM_Ignore)
    PWM_Limit                                0x0800340f   Thumb Code    18  motor.o(i.PWM_Limit)
    PendSV_Handler                           0x08003421   Thumb Code     2  stm32f10x_it.o(i.PendSV_Handler)
    RCC_ADCCLKConfig                         0x08003425   Thumb Code    18  stm32f10x_rcc.o(i.RCC_ADCCLKConfig)
    RCC_APB1PeriphClockCmd                   0x0800343d   Thumb Code    26  stm32f10x_rcc.o(i.RCC_APB1PeriphClockCmd)
    RCC_APB1PeriphResetCmd                   0x0800345d   Thumb Code    26  stm32f10x_rcc.o(i.RCC_APB1PeriphResetCmd)
    RCC_APB2PeriphClockCmd                   0x0800347d   Thumb Code    26  stm32f10x_rcc.o(i.RCC_APB2PeriphClockCmd)
    RCC_APB2PeriphResetCmd                   0x0800349d   Thumb Code    26  stm32f10x_rcc.o(i.RCC_APB2PeriphResetCmd)
    RCC_GetClocksFreq                        0x080034bd   Thumb Code   192  stm32f10x_rcc.o(i.RCC_GetClocksFreq)
    Read_DMP                                 0x08003591   Thumb Code   616  mpu6050.o(i.Read_DMP)
    Read_Encoder                             0x08003819   Thumb Code    48  encoder.o(i.Read_Encoder)
    SSD1306_DrawPixel                        0x08003851   Thumb Code   152  bsp_oled.o(i.SSD1306_DrawPixel)
    SSD1306_Fill                             0x080038f1   Thumb Code    26  bsp_oled.o(i.SSD1306_Fill)
    SSD1306_GotoXY                           0x08003911   Thumb Code     8  bsp_oled.o(i.SSD1306_GotoXY)
    SSD1306_Putc                             0x0800391d   Thumb Code   164  bsp_oled.o(i.SSD1306_Putc)
    SSD1306_Puts                             0x080039c5   Thumb Code    42  bsp_oled.o(i.SSD1306_Puts)
    SSD1306_UpdateScreen                     0x080039f1   Thumb Code    68  bsp_oled.o(i.SSD1306_UpdateScreen)
    SVC_Handler                              0x08003a39   Thumb Code     2  stm32f10x_it.o(i.SVC_Handler)
    Set_Pwm                                  0x08003b25   Thumb Code   142  motor.o(i.Set_Pwm)
    SysTick_CLKSourceConfig                  0x08003bc1   Thumb Code    40  misc.o(i.SysTick_CLKSourceConfig)
    SysTick_Handler                          0x08003be9   Thumb Code     2  stm32f10x_it.o(i.SysTick_Handler)
    SystemInit                               0x08003bed   Thumb Code    78  system_stm32f10x.o(i.SystemInit)
    TIM3_IRQHandler                          0x08003e8d   Thumb Code    18  encoder.o(i.TIM3_IRQHandler)
    TIM4_IRQHandler                          0x08003ea5   Thumb Code    18  encoder.o(i.TIM4_IRQHandler)
    TIM6_IRQHandler                          0x08003ebd   Thumb Code    64  bsp_timer.o(i.TIM6_IRQHandler)
    TIM6_Init                                0x08003f0d   Thumb Code    90  bsp_timer.o(i.TIM6_Init)
    TIM_ARRPreloadConfig                     0x08003f6d   Thumb Code    24  stm32f10x_tim.o(i.TIM_ARRPreloadConfig)
    TIM_ClearFlag                            0x08003f85   Thumb Code     6  stm32f10x_tim.o(i.TIM_ClearFlag)
    TIM_ClearITPendingBit                    0x08003f8b   Thumb Code     6  stm32f10x_tim.o(i.TIM_ClearITPendingBit)
    TIM_Cmd                                  0x08003f91   Thumb Code    24  stm32f10x_tim.o(i.TIM_Cmd)
    TIM_CtrlPWMOutputs                       0x08003fa9   Thumb Code    30  stm32f10x_tim.o(i.TIM_CtrlPWMOutputs)
    TIM_DeInit                               0x08003fc9   Thumb Code   424  stm32f10x_tim.o(i.TIM_DeInit)
    TIM_EncoderInterfaceConfig               0x080041b1   Thumb Code    66  stm32f10x_tim.o(i.TIM_EncoderInterfaceConfig)
    TIM_GetITStatus                          0x080041f3   Thumb Code    34  stm32f10x_tim.o(i.TIM_GetITStatus)
    TIM_ICInit                               0x08004215   Thumb Code   150  stm32f10x_tim.o(i.TIM_ICInit)
    TIM_ICStructInit                         0x080042c1   Thumb Code    18  stm32f10x_tim.o(i.TIM_ICStructInit)
    TIM_ITConfig                             0x080042d3   Thumb Code    18  stm32f10x_tim.o(i.TIM_ITConfig)
    TIM_OC1Init                              0x080042e5   Thumb Code   132  stm32f10x_tim.o(i.TIM_OC1Init)
    TIM_OC1PreloadConfig                     0x0800437d   Thumb Code    18  stm32f10x_tim.o(i.TIM_OC1PreloadConfig)
    TIM_OC2Init                              0x08004391   Thumb Code   154  stm32f10x_tim.o(i.TIM_OC2Init)
    TIM_OC2PreloadConfig                     0x08004435   Thumb Code    26  stm32f10x_tim.o(i.TIM_OC2PreloadConfig)
    TIM_OC3Init                              0x08004451   Thumb Code   150  stm32f10x_tim.o(i.TIM_OC3Init)
    TIM_OC3PreloadConfig                     0x080044f1   Thumb Code    18  stm32f10x_tim.o(i.TIM_OC3PreloadConfig)
    TIM_OC4Init                              0x08004505   Thumb Code   114  stm32f10x_tim.o(i.TIM_OC4Init)
    TIM_OC4PreloadConfig                     0x08004581   Thumb Code    26  stm32f10x_tim.o(i.TIM_OC4PreloadConfig)
    TIM_SetCounter                           0x0800459b   Thumb Code     4  stm32f10x_tim.o(i.TIM_SetCounter)
    TIM_SetIC1Prescaler                      0x0800459f   Thumb Code    18  stm32f10x_tim.o(i.TIM_SetIC1Prescaler)
    TIM_SetIC2Prescaler                      0x080045b1   Thumb Code    26  stm32f10x_tim.o(i.TIM_SetIC2Prescaler)
    TIM_SetIC3Prescaler                      0x080045cb   Thumb Code    18  stm32f10x_tim.o(i.TIM_SetIC3Prescaler)
    TIM_SetIC4Prescaler                      0x080045dd   Thumb Code    26  stm32f10x_tim.o(i.TIM_SetIC4Prescaler)
    TIM_TimeBaseInit                         0x080045f9   Thumb Code   122  stm32f10x_tim.o(i.TIM_TimeBaseInit)
    TIM_TimeBaseStructInit                   0x0800469d   Thumb Code    18  stm32f10x_tim.o(i.TIM_TimeBaseStructInit)
    Turn_PI                                  0x080046b1   Thumb Code   140  main.o(i.Turn_PI)
    USART1_IRQHandler                        0x0800474d   Thumb Code    32  usart.o(i.USART1_IRQHandler)
    USART1_Send_U8                           0x08004771   Thumb Code    28  usart.o(i.USART1_Send_U8)
    USART2_init                              0x08004791   Thumb Code   152  bsp_usart2.o(i.USART2_init)
    USART5_Send_Byte                         0x08004831   Thumb Code    28  bsp_bluetooth.o(i.USART5_Send_Byte)
    USART_Cmd                                0x08004851   Thumb Code    24  stm32f10x_usart.o(i.USART_Cmd)
    USART_GetFlagStatus                      0x08004869   Thumb Code    26  stm32f10x_usart.o(i.USART_GetFlagStatus)
    USART_GetITStatus                        0x08004883   Thumb Code    84  stm32f10x_usart.o(i.USART_GetITStatus)
    USART_ITConfig                           0x080048d7   Thumb Code    74  stm32f10x_usart.o(i.USART_ITConfig)
    USART_Init                               0x08004921   Thumb Code   210  stm32f10x_usart.o(i.USART_Init)
    USART_ReceiveData                        0x080049f9   Thumb Code    10  stm32f10x_usart.o(i.USART_ReceiveData)
    USART_SendData                           0x08004a03   Thumb Code     8  stm32f10x_usart.o(i.USART_SendData)
    UsageFault_Handler                       0x08004a0b   Thumb Code     4  stm32f10x_it.o(i.UsageFault_Handler)
    Velocity_PI                              0x08004a11   Thumb Code    76  main.o(i.Velocity_PI)
    __ARM_fpclassify                         0x08004a69   Thumb Code    40  fpclassify.o(i.__ARM_fpclassify)
    __kernel_poly                            0x08004a91   Thumb Code   170  poly.o(i.__kernel_poly)
    __mathlib_dbl_infnan                     0x08004b3b   Thumb Code     6  dunder.o(i.__mathlib_dbl_infnan)
    __mathlib_dbl_infnan2                    0x08004b41   Thumb Code     4  dunder.o(i.__mathlib_dbl_infnan2)
    __mathlib_dbl_invalid                    0x08004b45   Thumb Code    12  dunder.o(i.__mathlib_dbl_invalid)
    __mathlib_dbl_underflow                  0x08004b51   Thumb Code    10  dunder.o(i.__mathlib_dbl_underflow)
    _sys_exit                                0x08004b61   Thumb Code     4  usart.o(i._sys_exit)
    asin                                     0x08004c0d   Thumb Code   572  asin.o(i.asin)
    atan                                     0x08004e7d   Thumb Code   474  atan.o(i.atan)
    atan2                                    0x0800509d   Thumb Code   346  atan2.o(i.atan2)
    bluetooth_init                           0x0800521d   Thumb Code   156  bsp_bluetooth.o(i.bluetooth_init)
    bluetooth_send_string                    0x080052c5   Thumb Code    24  bsp_bluetooth.o(i.bluetooth_send_string)
    bsp_init                                 0x080052dd   Thumb Code   114  bsp.o(i.bsp_init)
    cotrol_led                               0x0800536d   Thumb Code   142  bsp_timer.o(i.cotrol_led)
    delay_init                               0x0800547d   Thumb Code    60  delay.o(i.delay_init)
    delay_ms                                 0x080054c9   Thumb Code    56  delay.o(i.delay_ms)
    delay_time                               0x08005505   Thumb Code    16  bsp_timer.o(i.delay_time)
    delay_us                                 0x08005519   Thumb Code    56  delay.o(i.delay_us)
    dmp_enable_6x_lp_quat                    0x08005555   Thumb Code    60  inv_mpu_dmp_motion_driver.o(i.dmp_enable_6x_lp_quat)
    dmp_enable_feature                       0x08005591   Thumb Code   530  inv_mpu_dmp_motion_driver.o(i.dmp_enable_feature)
    dmp_enable_gyro_cal                      0x080057ad   Thumb Code    62  inv_mpu_dmp_motion_driver.o(i.dmp_enable_gyro_cal)
    dmp_enable_lp_quat                       0x08005805   Thumb Code    60  inv_mpu_dmp_motion_driver.o(i.dmp_enable_lp_quat)
    dmp_load_motion_driver_firmware          0x08005841   Thumb Code    20  inv_mpu_dmp_motion_driver.o(i.dmp_load_motion_driver_firmware)
    dmp_read_fifo                            0x08005859   Thumb Code   456  inv_mpu_dmp_motion_driver.o(i.dmp_read_fifo)
    dmp_set_accel_bias                       0x08005a25   Thumb Code   300  inv_mpu_dmp_motion_driver.o(i.dmp_set_accel_bias)
    dmp_set_fifo_rate                        0x08005b55   Thumb Code    96  inv_mpu_dmp_motion_driver.o(i.dmp_set_fifo_rate)
    dmp_set_gyro_bias                        0x08005bc5   Thumb Code   294  inv_mpu_dmp_motion_driver.o(i.dmp_set_gyro_bias)
    dmp_set_orientation                      0x08005cf5   Thumb Code   290  inv_mpu_dmp_motion_driver.o(i.dmp_set_orientation)
    dmp_set_shake_reject_thresh              0x08005e2d   Thumb Code    56  inv_mpu_dmp_motion_driver.o(i.dmp_set_shake_reject_thresh)
    dmp_set_shake_reject_time                0x08005e65   Thumb Code    38  inv_mpu_dmp_motion_driver.o(i.dmp_set_shake_reject_time)
    dmp_set_shake_reject_timeout             0x08005e8b   Thumb Code    38  inv_mpu_dmp_motion_driver.o(i.dmp_set_shake_reject_timeout)
    dmp_set_tap_axes                         0x08005eb1   Thumb Code    70  inv_mpu_dmp_motion_driver.o(i.dmp_set_tap_axes)
    dmp_set_tap_count                        0x08005ef7   Thumb Code    38  inv_mpu_dmp_motion_driver.o(i.dmp_set_tap_count)
    dmp_set_tap_thresh                       0x08005f1d   Thumb Code   396  inv_mpu_dmp_motion_driver.o(i.dmp_set_tap_thresh)
    dmp_set_tap_time                         0x080060bd   Thumb Code    38  inv_mpu_dmp_motion_driver.o(i.dmp_set_tap_time)
    dmp_set_tap_time_multi                   0x080060e3   Thumb Code    38  inv_mpu_dmp_motion_driver.o(i.dmp_set_tap_time_multi)
    fputc                                    0x08006109   Thumb Code    24  usart.o(i.fputc)
    i2cRead                                  0x08006759   Thumb Code   118  ioi2c.o(i.i2cRead)
    i2cWrite                                 0x080067cf   Thumb Code    96  ioi2c.o(i.i2cWrite)
    irtracking_init                          0x080068a5   Thumb Code    92  bsp_irtracking.o(i.irtracking_init)
    main                                     0x08006909   Thumb Code   266  main.o(i.main)
    mpu_configure_fifo                       0x08006a71   Thumb Code   106  inv_mpu.o(i.mpu_configure_fifo)
    mpu_get_accel_fsr                        0x08006ae1   Thumb Code    72  inv_mpu.o(i.mpu_get_accel_fsr)
    mpu_get_accel_sens                       0x08006b2d   Thumb Code    78  inv_mpu.o(i.mpu_get_accel_sens)
    mpu_get_fifo_config                      0x08006b81   Thumb Code    12  inv_mpu.o(i.mpu_get_fifo_config)
    mpu_get_gyro_fsr                         0x08006b91   Thumb Code    64  inv_mpu.o(i.mpu_get_gyro_fsr)
    mpu_get_gyro_sens                        0x08006bd5   Thumb Code    58  inv_mpu.o(i.mpu_get_gyro_sens)
    mpu_get_lpf                              0x08006c25   Thumb Code    74  inv_mpu.o(i.mpu_get_lpf)
    mpu_get_sample_rate                      0x08006c75   Thumb Code    26  inv_mpu.o(i.mpu_get_sample_rate)
    mpu_init                                 0x08006c95   Thumb Code   416  inv_mpu.o(i.mpu_init)
    mpu_load_firmware                        0x08006e85   Thumb Code   180  inv_mpu.o(i.mpu_load_firmware)
    mpu_lp_accel_mode                        0x08006f3d   Thumb Code   218  inv_mpu.o(i.mpu_lp_accel_mode)
    mpu_read_fifo_stream                     0x0800701d   Thumb Code   186  inv_mpu.o(i.mpu_read_fifo_stream)
    mpu_read_mem                             0x080070dd   Thumb Code   122  inv_mpu.o(i.mpu_read_mem)
    mpu_reset_fifo                           0x0800715d   Thumb Code   438  inv_mpu.o(i.mpu_reset_fifo)
    mpu_run_self_test                        0x08007319   Thumb Code   278  inv_mpu.o(i.mpu_run_self_test)
    mpu_set_accel_fsr                        0x08007435   Thumb Code   126  inv_mpu.o(i.mpu_set_accel_fsr)
    mpu_set_bypass                           0x080074b9   Thumb Code   328  inv_mpu.o(i.mpu_set_bypass)
    mpu_set_dmp_state                        0x08007605   Thumb Code   138  inv_mpu.o(i.mpu_set_dmp_state)
    mpu_set_gyro_fsr                         0x08007695   Thumb Code   132  inv_mpu.o(i.mpu_set_gyro_fsr)
    mpu_set_int_latched                      0x0800771d   Thumb Code   102  inv_mpu.o(i.mpu_set_int_latched)
    mpu_set_lpf                              0x08007789   Thumb Code   126  inv_mpu.o(i.mpu_set_lpf)
    mpu_set_sample_rate                      0x0800780d   Thumb Code   152  inv_mpu.o(i.mpu_set_sample_rate)
    mpu_set_sensors                          0x080078a9   Thumb Code   202  inv_mpu.o(i.mpu_set_sensors)
    mpu_write_mem                            0x08007979   Thumb Code   122  inv_mpu.o(i.mpu_write_mem)
    mul                                      0x080079f9   Thumb Code   154  mpu6050.o(i.mul)
    my_f_abs                                 0x08007aad   Thumb Code    24  main.o(i.my_f_abs)
    myget_ms                                 0x08007ac5   Thumb Code     2  inv_mpu.o(i.myget_ms)
    sqrt                                     0x08007be9   Thumb Code    76  sqrt.o(i.sqrt)
    ssd1306_I2C_Write                        0x08007c35   Thumb Code    20  bsp_oled.o(i.ssd1306_I2C_Write)
    ssd1306_I2C_WriteMulti                   0x08007c49   Thumb Code    28  bsp_oled.o(i.ssd1306_I2C_WriteMulti)
    uart_init                                0x08007c65   Thumb Code   152  usart.o(i.uart_init)
    _get_lc_numeric                          0x08007d05   Thumb Code    44  lc_numeric_c.o(locale$$code)
    __aeabi_d2f                              0x08007d31   Thumb Code     0  d2f.o(x$fpl$d2f)
    _d2f                                     0x08007d31   Thumb Code    98  d2f.o(x$fpl$d2f)
    __aeabi_dadd                             0x08007d95   Thumb Code     0  daddsub_clz.o(x$fpl$dadd)
    _dadd                                    0x08007d95   Thumb Code   332  daddsub_clz.o(x$fpl$dadd)
    __fpl_dcheck_NaN1                        0x08007ee5   Thumb Code    10  dcheck1.o(x$fpl$dcheck1)
    __fpl_dcmp_Inf                           0x08007ef5   Thumb Code    24  dcmpi.o(x$fpl$dcmpinf)
    __aeabi_ddiv                             0x08007f0d   Thumb Code     0  ddiv.o(x$fpl$ddiv)
    _ddiv                                    0x08007f0d   Thumb Code   552  ddiv.o(x$fpl$ddiv)
    __aeabi_cdcmple                          0x080081bd   Thumb Code     0  dleqf.o(x$fpl$dleqf)
    _dcmple                                  0x080081bd   Thumb Code   120  dleqf.o(x$fpl$dleqf)
    __fpl_dcmple_InfNaN                      0x0800821f   Thumb Code     0  dleqf.o(x$fpl$dleqf)
    __aeabi_dmul                             0x08008235   Thumb Code     0  dmul.o(x$fpl$dmul)
    _dmul                                    0x08008235   Thumb Code   332  dmul.o(x$fpl$dmul)
    __fpl_dnaninf                            0x08008389   Thumb Code   156  dnaninf.o(x$fpl$dnaninf)
    __fpl_dretinf                            0x08008425   Thumb Code    12  dretinf.o(x$fpl$dretinf)
    __aeabi_drsub                            0x08008431   Thumb Code     0  daddsub_clz.o(x$fpl$drsb)
    _drsb                                    0x08008431   Thumb Code    22  daddsub_clz.o(x$fpl$drsb)
    _dsqrt                                   0x08008449   Thumb Code   456  dsqrt_noumaal.o(x$fpl$dsqrt)
    __aeabi_dsub                             0x08008615   Thumb Code     0  daddsub_clz.o(x$fpl$dsub)
    _dsub                                    0x08008615   Thumb Code   464  daddsub_clz.o(x$fpl$dsub)
    __aeabi_f2d                              0x080087e9   Thumb Code     0  f2d.o(x$fpl$f2d)
    _f2d                                     0x080087e9   Thumb Code    86  f2d.o(x$fpl$f2d)
    __aeabi_fadd                             0x08008841   Thumb Code     0  faddsub_clz.o(x$fpl$fadd)
    _fadd                                    0x08008841   Thumb Code   196  faddsub_clz.o(x$fpl$fadd)
    __fpl_fcmp_Inf                           0x08008905   Thumb Code    24  fcmpi.o(x$fpl$fcmpinf)
    __aeabi_fdiv                             0x0800891d   Thumb Code     0  fdiv.o(x$fpl$fdiv)
    _fdiv                                    0x0800891d   Thumb Code   384  fdiv.o(x$fpl$fdiv)
    __aeabi_cfcmpeq                          0x08008aa1   Thumb Code     0  feqf.o(x$fpl$feqf)
    _fcmpeq                                  0x08008aa1   Thumb Code   104  feqf.o(x$fpl$feqf)
    __aeabi_f2iz                             0x08008b09   Thumb Code     0  ffix.o(x$fpl$ffix)
    _ffix                                    0x08008b09   Thumb Code    54  ffix.o(x$fpl$ffix)
    __aeabi_f2uiz                            0x08008b41   Thumb Code     0  ffixu.o(x$fpl$ffixu)
    _ffixu                                   0x08008b41   Thumb Code    62  ffixu.o(x$fpl$ffixu)
    __aeabi_i2f                              0x08008b81   Thumb Code     0  fflt_clz.o(x$fpl$fflt)
    _fflt                                    0x08008b81   Thumb Code    48  fflt_clz.o(x$fpl$fflt)
    __aeabi_ui2f                             0x08008bb1   Thumb Code     0  fflt_clz.o(x$fpl$ffltu)
    _ffltu                                   0x08008bb1   Thumb Code    38  fflt_clz.o(x$fpl$ffltu)
    __aeabi_cfcmple                          0x08008bd9   Thumb Code     0  fleqf.o(x$fpl$fleqf)
    _fcmple                                  0x08008bd9   Thumb Code   104  fleqf.o(x$fpl$fleqf)
    __fpl_fcmple_InfNaN                      0x08008c2b   Thumb Code     0  fleqf.o(x$fpl$fleqf)
    __aeabi_fmul                             0x08008c41   Thumb Code     0  fmul.o(x$fpl$fmul)
    _fmul                                    0x08008c41   Thumb Code   258  fmul.o(x$fpl$fmul)
    __fpl_fnaninf                            0x08008d43   Thumb Code   140  fnaninf.o(x$fpl$fnaninf)
    __fpl_fretinf                            0x08008dcf   Thumb Code    10  fretinf.o(x$fpl$fretinf)
    __aeabi_cfrcmple                         0x08008dd9   Thumb Code     0  frleqf.o(x$fpl$frleqf)
    _frcmple                                 0x08008dd9   Thumb Code    98  frleqf.o(x$fpl$frleqf)
    __aeabi_fsub                             0x08008e3d   Thumb Code     0  faddsub_clz.o(x$fpl$fsub)
    _fsub                                    0x08008e3d   Thumb Code   234  faddsub_clz.o(x$fpl$fsub)
    _printf_fp_dec                           0x08008f27   Thumb Code     4  printf1.o(x$fpl$printf1)
    __fpl_return_NaN                         0x08008f2b   Thumb Code   100  retnan.o(x$fpl$retnan)
    __ARM_scalbn                             0x08008f8f   Thumb Code    92  scalbn.o(x$fpl$scalbn)
    __fpl_cmpreturn                          0x08008feb   Thumb Code    48  trapv.o(x$fpl$trapveneer)
    __I$use$fp                               0x0800901a   Number         0  usenofp.o(x$fpl$usenofp)
    hw                                       0x0800901c   Data          12  inv_mpu.o(.constdata)
    reg                                      0x08009028   Data          27  inv_mpu.o(.constdata)
    test                                     0x08009044   Data          40  inv_mpu.o(.constdata)
    Font7x10                                 0x08009d1c   Data        1900  oled_fonts.o(.constdata)
    Font11x18                                0x0800a488   Data        3420  oled_fonts.o(.constdata)
    Font16x26                                0x0800b1e4   Data        4940  oled_fonts.o(.constdata)
    __mathlib_zero                           0x0800c618   Data           8  qnan.o(.constdata)
    Region$$Table$$Base                      0x0800c704   Number         0  anon$$obj.o(Region$$Table)
    Region$$Table$$Limit                     0x0800c724   Number         0  anon$$obj.o(Region$$Table)
    Gyro_turn                                0x20000000   Data           4  main.o(.data)
    yaw_fix                                  0x20000004   Data           4  main.o(.data)
    yaw_front                                0x20000008   Data           4  main.o(.data)
    go_front_dir                             0x2000000c   Data           4  main.o(.data)
    start_flag                               0x20000010   Data           1  main.o(.data)
    SystemCoreClock                          0x2000001c   Data           4  system_stm32f10x.o(.data)
    AHBPrescTable                            0x20000020   Data          16  system_stm32f10x.o(.data)
    gyro                                     0x20000074   Data           6  mpu6050.o(.data)
    accel                                    0x2000007a   Data           6  mpu6050.o(.data)
    sensors                                  0x20000080   Data           2  mpu6050.o(.data)
    Roll                                     0x20000084   Data           4  mpu6050.o(.data)
    Pitch                                    0x20000088   Data           4  mpu6050.o(.data)
    Yaw                                      0x2000008c   Data           4  mpu6050.o(.data)
    q0                                       0x20000090   Data           4  mpu6050.o(.data)
    q1                                       0x20000094   Data           4  mpu6050.o(.data)
    q2                                       0x20000098   Data           4  mpu6050.o(.data)
    q3                                       0x2000009c   Data           4  mpu6050.o(.data)
    Gx_offset                                0x200000aa   Data           2  mpu6050.o(.data)
    Gy_offset                                0x200000ac   Data           2  mpu6050.o(.data)
    Gz_offset                                0x200000ae   Data           2  mpu6050.o(.data)
    Font_7x10                                0x20000110   Data           8  oled_fonts.o(.data)
    Font_11x18                               0x20000118   Data           8  oled_fonts.o(.data)
    Font_16x26                               0x20000120   Data           8  oled_fonts.o(.data)
    led_flag                                 0x20000130   Data           2  bsp_timer.o(.data)
    led_twinkle_count                        0x20000132   Data           2  bsp_timer.o(.data)
    led_count                                0x20000134   Data           2  bsp_timer.o(.data)
    lower_power_flag                         0x20000136   Data           1  bsp_timer.o(.data)
    __stdout                                 0x20000138   Data           4  usart.o(.data)
    showbuf                                  0x2000013c   Data          20  main.o(.bss)
    showbuf2                                 0x20000150   Data          20  main.o(.bss)
    buffer                                   0x20000174   Data          14  mpu6050.o(.bss)
    MPU6050_FIFO                             0x20000182   Data         132  mpu6050.o(.bss)
    __libspace_start                         0x20000470   Data          96  libspace.o(.bss)
    __temporary_stack_top$libspace           0x200004d0   Data           0  libspace.o(.bss)



==============================================================================

Memory Map of the image

  Image Entry point : 0x08000131

  Load Region LR_IROM1 (Base: 0x08000000, Size: 0x0000c87c, Max: 0x00040000, ABSOLUTE, COMPRESSED[0x0000c78c])

    Execution Region ER_IROM1 (Exec base: 0x08000000, Load base: 0x08000000, Size: 0x0000c740, Max: 0x00040000, ABSOLUTE)

    Exec Addr    Load Addr    Size         Type   Attr      Idx    E Section Name        Object

    0x08000000   0x08000000   0x00000130   Data   RO          382    RESET               startup_stm32f10x_hd.o
    0x08000130   0x08000130   0x00000008   Code   RO         4878  * !!!main             c_w.l(__main.o)
    0x08000138   0x08000138   0x00000034   Code   RO         5250    !!!scatter          c_w.l(__scatter.o)
    0x0800016c   0x0800016c   0x0000005a   Code   RO         5248    !!dczerorl2         c_w.l(__dczerorl2.o)
    0x080001c6   0x080001c6   0x00000002   PAD
    0x080001c8   0x080001c8   0x0000001c   Code   RO         5252    !!handler_zi        c_w.l(__scatter_zi.o)
    0x080001e4   0x080001e4   0x00000000   Code   RO         4867    .ARM.Collect$$_printf_percent$$00000000  c_w.l(_printf_percent.o)
    0x080001e4   0x080001e4   0x00000006   Code   RO         4866    .ARM.Collect$$_printf_percent$$00000003  c_w.l(_printf_f.o)
    0x080001ea   0x080001ea   0x00000006   Code   RO         4865    .ARM.Collect$$_printf_percent$$00000009  c_w.l(_printf_d.o)
    0x080001f0   0x080001f0   0x00000004   Code   RO         4973    .ARM.Collect$$_printf_percent$$00000017  c_w.l(_printf_percent_end.o)
    0x080001f4   0x080001f4   0x00000002   Code   RO         5117    .ARM.Collect$$libinit$$00000000  c_w.l(libinit.o)
    0x080001f6   0x080001f6   0x00000000   Code   RO         5119    .ARM.Collect$$libinit$$00000002  c_w.l(libinit2.o)
    0x080001f6   0x080001f6   0x00000000   Code   RO         5121    .ARM.Collect$$libinit$$00000004  c_w.l(libinit2.o)
    0x080001f6   0x080001f6   0x00000000   Code   RO         5124    .ARM.Collect$$libinit$$0000000A  c_w.l(libinit2.o)
    0x080001f6   0x080001f6   0x00000000   Code   RO         5126    .ARM.Collect$$libinit$$0000000C  c_w.l(libinit2.o)
    0x080001f6   0x080001f6   0x00000000   Code   RO         5128    .ARM.Collect$$libinit$$0000000E  c_w.l(libinit2.o)
    0x080001f6   0x080001f6   0x00000006   Code   RO         5129    .ARM.Collect$$libinit$$0000000F  c_w.l(libinit2.o)
    0x080001fc   0x080001fc   0x00000000   Code   RO         5131    .ARM.Collect$$libinit$$00000011  c_w.l(libinit2.o)
    0x080001fc   0x080001fc   0x00000000   Code   RO         5133    .ARM.Collect$$libinit$$00000013  c_w.l(libinit2.o)
    0x080001fc   0x080001fc   0x00000000   Code   RO         5135    .ARM.Collect$$libinit$$00000015  c_w.l(libinit2.o)
    0x080001fc   0x080001fc   0x0000000a   Code   RO         5136    .ARM.Collect$$libinit$$00000016  c_w.l(libinit2.o)
    0x08000206   0x08000206   0x00000000   Code   RO         5137    .ARM.Collect$$libinit$$00000017  c_w.l(libinit2.o)
    0x08000206   0x08000206   0x00000000   Code   RO         5139    .ARM.Collect$$libinit$$00000019  c_w.l(libinit2.o)
    0x08000206   0x08000206   0x00000000   Code   RO         5141    .ARM.Collect$$libinit$$0000001B  c_w.l(libinit2.o)
    0x08000206   0x08000206   0x00000000   Code   RO         5143    .ARM.Collect$$libinit$$0000001D  c_w.l(libinit2.o)
    0x08000206   0x08000206   0x00000000   Code   RO         5145    .ARM.Collect$$libinit$$0000001F  c_w.l(libinit2.o)
    0x08000206   0x08000206   0x00000000   Code   RO         5147    .ARM.Collect$$libinit$$00000021  c_w.l(libinit2.o)
    0x08000206   0x08000206   0x00000000   Code   RO         5149    .ARM.Collect$$libinit$$00000023  c_w.l(libinit2.o)
    0x08000206   0x08000206   0x00000000   Code   RO         5151    .ARM.Collect$$libinit$$00000025  c_w.l(libinit2.o)
    0x08000206   0x08000206   0x00000000   Code   RO         5155    .ARM.Collect$$libinit$$0000002C  c_w.l(libinit2.o)
    0x08000206   0x08000206   0x00000000   Code   RO         5157    .ARM.Collect$$libinit$$0000002E  c_w.l(libinit2.o)
    0x08000206   0x08000206   0x00000000   Code   RO         5159    .ARM.Collect$$libinit$$00000030  c_w.l(libinit2.o)
    0x08000206   0x08000206   0x00000000   Code   RO         5161    .ARM.Collect$$libinit$$00000032  c_w.l(libinit2.o)
    0x08000206   0x08000206   0x00000002   Code   RO         5162    .ARM.Collect$$libinit$$00000033  c_w.l(libinit2.o)
    0x08000208   0x08000208   0x00000002   Code   RO         5208    .ARM.Collect$$libshutdown$$00000000  c_w.l(libshutdown.o)
    0x0800020a   0x0800020a   0x00000000   Code   RO         5217    .ARM.Collect$$libshutdown$$00000002  c_w.l(libshutdown2.o)
    0x0800020a   0x0800020a   0x00000000   Code   RO         5219    .ARM.Collect$$libshutdown$$00000004  c_w.l(libshutdown2.o)
    0x0800020a   0x0800020a   0x00000000   Code   RO         5222    .ARM.Collect$$libshutdown$$00000007  c_w.l(libshutdown2.o)
    0x0800020a   0x0800020a   0x00000000   Code   RO         5225    .ARM.Collect$$libshutdown$$0000000A  c_w.l(libshutdown2.o)
    0x0800020a   0x0800020a   0x00000000   Code   RO         5227    .ARM.Collect$$libshutdown$$0000000C  c_w.l(libshutdown2.o)
    0x0800020a   0x0800020a   0x00000000   Code   RO         5230    .ARM.Collect$$libshutdown$$0000000F  c_w.l(libshutdown2.o)
    0x0800020a   0x0800020a   0x00000002   Code   RO         5231    .ARM.Collect$$libshutdown$$00000010  c_w.l(libshutdown2.o)
    0x0800020c   0x0800020c   0x00000000   Code   RO         4958    .ARM.Collect$$rtentry$$00000000  c_w.l(__rtentry.o)
    0x0800020c   0x0800020c   0x00000000   Code   RO         5029    .ARM.Collect$$rtentry$$00000002  c_w.l(__rtentry2.o)
    0x0800020c   0x0800020c   0x00000006   Code   RO         5041    .ARM.Collect$$rtentry$$00000004  c_w.l(__rtentry4.o)
    0x08000212   0x08000212   0x00000000   Code   RO         5031    .ARM.Collect$$rtentry$$00000009  c_w.l(__rtentry2.o)
    0x08000212   0x08000212   0x00000004   Code   RO         5032    .ARM.Collect$$rtentry$$0000000A  c_w.l(__rtentry2.o)
    0x08000216   0x08000216   0x00000000   Code   RO         5034    .ARM.Collect$$rtentry$$0000000C  c_w.l(__rtentry2.o)
    0x08000216   0x08000216   0x00000008   Code   RO         5035    .ARM.Collect$$rtentry$$0000000D  c_w.l(__rtentry2.o)
    0x0800021e   0x0800021e   0x00000002   Code   RO         5165    .ARM.Collect$$rtexit$$00000000  c_w.l(rtexit.o)
    0x08000220   0x08000220   0x00000000   Code   RO         5178    .ARM.Collect$$rtexit$$00000002  c_w.l(rtexit2.o)
    0x08000220   0x08000220   0x00000004   Code   RO         5179    .ARM.Collect$$rtexit$$00000003  c_w.l(rtexit2.o)
    0x08000224   0x08000224   0x00000006   Code   RO         5180    .ARM.Collect$$rtexit$$00000004  c_w.l(rtexit2.o)
    0x0800022a   0x0800022a   0x00000002   PAD
    0x0800022c   0x0800022c   0x00000040   Code   RO          383    .text               startup_stm32f10x_hd.o
    0x0800026c   0x0800026c   0x00000002   Code   RO         4829    .text               c_w.l(use_no_semi_2.o)
    0x0800026e   0x0800026e   0x00000048   Code   RO         4831    .text               c_w.l(llsdiv.o)
    0x080002b6   0x080002b6   0x00000002   PAD
    0x080002b8   0x080002b8   0x00000018   Code   RO         4837    .text               c_w.l(noretval__2printf.o)
    0x080002d0   0x080002d0   0x00000028   Code   RO         4839    .text               c_w.l(noretval__2sprintf.o)
    0x080002f8   0x080002f8   0x00000068   Code   RO         4841    .text               c_w.l(__printf.o)
    0x08000360   0x08000360   0x00000078   Code   RO         4843    .text               c_w.l(_printf_dec.o)
    0x080003d8   0x080003d8   0x00000058   Code   RO         4868    .text               c_w.l(memcmp.o)
    0x08000430   0x08000430   0x00000010   Code   RO         4872    .text               c_w.l(aeabi_memset.o)
    0x08000440   0x08000440   0x00000044   Code   RO         4874    .text               c_w.l(rt_memclr.o)
    0x08000484   0x08000484   0x00000006   Code   RO         4876    .text               c_w.l(heapauxi.o)
    0x0800048a   0x0800048a   0x00000002   Code   RO         4956    .text               c_w.l(use_no_semi.o)
    0x0800048c   0x0800048c   0x000000ee   Code   RO         4959    .text               c_w.l(lludivv7m.o)
    0x0800057a   0x0800057a   0x00000016   Code   RO         4961    .text               c_w.l(_rserrno.o)
    0x08000590   0x08000590   0x000000b2   Code   RO         4963    .text               c_w.l(_printf_intcommon.o)
    0x08000642   0x08000642   0x0000041e   Code   RO         4965    .text               c_w.l(_printf_fp_dec.o)
    0x08000a60   0x08000a60   0x00000030   Code   RO         4967    .text               c_w.l(_printf_char_common.o)
    0x08000a90   0x08000a90   0x0000000a   Code   RO         4969    .text               c_w.l(_sputc.o)
    0x08000a9a   0x08000a9a   0x00000002   PAD
    0x08000a9c   0x08000a9c   0x00000024   Code   RO         4971    .text               c_w.l(_printf_char_file.o)
    0x08000ac0   0x08000ac0   0x0000004e   Code   RO         4974    .text               c_w.l(rt_memclr_w.o)
    0x08000b0e   0x08000b0e   0x00000002   PAD
    0x08000b10   0x08000b10   0x00000008   Code   RO         5050    .text               c_w.l(rt_locale_intlibspace.o)
    0x08000b18   0x08000b18   0x00000008   Code   RO         5055    .text               c_w.l(rt_errno_addr_intlibspace.o)
    0x08000b20   0x08000b20   0x0000008a   Code   RO         5057    .text               c_w.l(lludiv10.o)
    0x08000baa   0x08000baa   0x00000002   PAD
    0x08000bac   0x08000bac   0x00000080   Code   RO         5059    .text               c_w.l(_printf_fp_infnan.o)
    0x08000c2c   0x08000c2c   0x000000e4   Code   RO         5063    .text               c_w.l(bigflt0.o)
    0x08000d10   0x08000d10   0x00000008   Code   RO         5088    .text               c_w.l(ferror.o)
    0x08000d18   0x08000d18   0x00000008   Code   RO         5101    .text               c_w.l(libspace.o)
    0x08000d20   0x08000d20   0x0000004a   Code   RO         5104    .text               c_w.l(sys_stackheap_outer.o)
    0x08000d6a   0x08000d6a   0x00000012   Code   RO         5108    .text               c_w.l(exit.o)
    0x08000d7c   0x08000d7c   0x00000080   Code   RO         5110    .text               c_w.l(strcmpv7m.o)
    0x08000dfc   0x08000dfc   0x0000003e   Code   RO         5066    CL$$btod_d2e        c_w.l(btod.o)
    0x08000e3a   0x08000e3a   0x00000046   Code   RO         5068    CL$$btod_d2e_denorm_low  c_w.l(btod.o)
    0x08000e80   0x08000e80   0x00000060   Code   RO         5067    CL$$btod_d2e_norm_op1  c_w.l(btod.o)
    0x08000ee0   0x08000ee0   0x00000338   Code   RO         5076    CL$$btod_div_common  c_w.l(btod.o)
    0x08001218   0x08001218   0x000000dc   Code   RO         5073    CL$$btod_e2e        c_w.l(btod.o)
    0x080012f4   0x080012f4   0x0000002a   Code   RO         5070    CL$$btod_ediv       c_w.l(btod.o)
    0x0800131e   0x0800131e   0x0000002a   Code   RO         5069    CL$$btod_emul       c_w.l(btod.o)
    0x08001348   0x08001348   0x00000244   Code   RO         5075    CL$$btod_mult_common  c_w.l(btod.o)
    0x0800158c   0x0800158c   0x00000016   Code   RO          463    i.ADC_Cmd           stm32f10x_adc.o
    0x080015a2   0x080015a2   0x00000002   PAD
    0x080015a4   0x080015a4   0x0000005c   Code   RO          465    i.ADC_DeInit        stm32f10x_adc.o
    0x08001600   0x08001600   0x00000014   Code   RO          471    i.ADC_GetCalibrationStatus  stm32f10x_adc.o
    0x08001614   0x08001614   0x00000014   Code   RO          477    i.ADC_GetResetCalibrationStatus  stm32f10x_adc.o
    0x08001628   0x08001628   0x00000050   Code   RO          481    i.ADC_Init          stm32f10x_adc.o
    0x08001678   0x08001678   0x0000000a   Code   RO          486    i.ADC_ResetCalibration  stm32f10x_adc.o
    0x08001682   0x08001682   0x0000000a   Code   RO          490    i.ADC_StartCalibration  stm32f10x_adc.o
    0x0800168c   0x0800168c   0x0000002c   Code   RO         3675    i.Balance_Motor_Init  motor.o
    0x080016b8   0x080016b8   0x00000038   Code   RO            1    i.Balance_PD        main.o
    0x080016f0   0x080016f0   0x000000ac   Code   RO         3676    i.Balance_PWM_Init  motor.o
    0x0800179c   0x0800179c   0x0000008c   Code   RO         3390    i.Battery_init      bsp_battery.o
    0x08001828   0x08001828   0x00000004   Code   RO          223    i.BusFault_Handler  stm32f10x_it.o
    0x0800182c   0x0800182c   0x0000009c   Code   RO         4287    i.Complementary_Filter_x  mpu6050.o
    0x080018c8   0x080018c8   0x0000009c   Code   RO         4288    i.Complementary_Filter_y  mpu6050.o
    0x08001964   0x08001964   0x00000028   Code   RO         4803    i.DIY_NVIC_PriorityGroupConfig  bsp.o
    0x0800198c   0x0800198c   0x00000210   Code   RO         4289    i.DMP_Init          mpu6050.o
    0x08001b9c   0x08001b9c   0x00000002   Code   RO          224    i.DebugMon_Handler  stm32f10x_it.o
    0x08001b9e   0x08001b9e   0x00000026   Code   RO         4577    i.Delay_For_Pin     bsp_oled_i2c.o
    0x08001bc4   0x08001bc4   0x000000fc   Code   RO            2    i.EXTI15_10_IRQHandler  main.o
    0x08001cc0   0x08001cc0   0x00000094   Code   RO         1224    i.EXTI_Init         stm32f10x_exti.o
    0x08001d54   0x08001d54   0x0000009c   Code   RO         3515    i.Encoder_Init_TIM3  encoder.o
    0x08001df0   0x08001df0   0x0000009c   Code   RO         3516    i.Encoder_Init_TIM4  encoder.o
    0x08001e8c   0x08001e8c   0x00000040   Code   RO         1569    i.GPIO_EXTILineConfig  stm32f10x_gpio.o
    0x08001ecc   0x08001ecc   0x00000116   Code   RO         1572    i.GPIO_Init         stm32f10x_gpio.o
    0x08001fe2   0x08001fe2   0x00000012   Code   RO         1576    i.GPIO_ReadInputDataBit  stm32f10x_gpio.o
    0x08001ff4   0x08001ff4   0x00000004   Code   RO          225    i.HardFault_Handler  stm32f10x_it.o
    0x08001ff8   0x08001ff8   0x00000046   Code   RO         4176    i.I2C_ReadOneByte   ioi2c.o
    0x0800203e   0x0800203e   0x00000002   PAD
    0x08002040   0x08002040   0x0000004c   Code   RO         4177    i.IIC_Ack           ioi2c.o
    0x0800208c   0x0800208c   0x0000002c   Code   RO         4178    i.IIC_MPU6050_Init  ioi2c.o
    0x080020b8   0x080020b8   0x0000004c   Code   RO         4179    i.IIC_NAck          ioi2c.o
    0x08002104   0x08002104   0x00000070   Code   RO         4180    i.IIC_Read_Byte     ioi2c.o
    0x08002174   0x08002174   0x00000064   Code   RO         4181    i.IIC_Send_Byte     ioi2c.o
    0x080021d8   0x080021d8   0x00000068   Code   RO         4182    i.IIC_Start         ioi2c.o
    0x08002240   0x08002240   0x00000048   Code   RO         4183    i.IIC_Stop          ioi2c.o
    0x08002288   0x08002288   0x00000068   Code   RO         4184    i.IIC_Wait_Ack      ioi2c.o
    0x080022f0   0x080022f0   0x00000016   Code   RO         4185    i.IICreadByte       ioi2c.o
    0x08002306   0x08002306   0x00000040   Code   RO         4187    i.IICwriteBit       ioi2c.o
    0x08002346   0x08002346   0x0000006a   Code   RO         4188    i.IICwriteBits      ioi2c.o
    0x080023b0   0x080023b0   0x00000014   Code   RO         4189    i.IICwriteByte      ioi2c.o
    0x080023c4   0x080023c4   0x00000046   Code   RO         4190    i.IICwriteBytes     ioi2c.o
    0x0800240a   0x0800240a   0x00000002   PAD
    0x0800240c   0x0800240c   0x00000038   Code   RO         3429    i.Init_Beep         bsp_beep.o
    0x08002444   0x08002444   0x00000034   Code   RO         3663    i.Init_Led_GPIO     bsp_led.o
    0x08002478   0x08002478   0x00000030   Code   RO         4804    i.JTAG_Set          bsp.o
    0x080024a8   0x080024a8   0x000002b8   Code   RO         4290    i.KF_X              mpu6050.o
    0x08002760   0x08002760   0x000002b8   Code   RO         4291    i.KF_Y              mpu6050.o
    0x08002a18   0x08002a18   0x00000028   Code   RO         3626    i.Key1_GPIO_Init    bsp_key.o
    0x08002a40   0x08002a40   0x00000070   Code   RO         4292    i.MPU6050_EXTI_Init  mpu6050.o
    0x08002ab0   0x08002ab0   0x00000018   Code   RO         4293    i.MPU6050_Init      mpu6050.o
    0x08002ac8   0x08002ac8   0x000003e0   Code   RO         4294    i.MPU6050_getDate   mpu6050.o
    0x08002ea8   0x08002ea8   0x0000008c   Code   RO         4296    i.MPU6050_initialize  mpu6050.o
    0x08002f34   0x08002f34   0x00000014   Code   RO         4298    i.MPU6050_setClockSource  mpu6050.o
    0x08002f48   0x08002f48   0x00000014   Code   RO         4299    i.MPU6050_setFullScaleAccelRange  mpu6050.o
    0x08002f5c   0x08002f5c   0x00000014   Code   RO         4300    i.MPU6050_setFullScaleGyroRange  mpu6050.o
    0x08002f70   0x08002f70   0x00000012   Code   RO         4301    i.MPU6050_setI2CBypassEnabled  mpu6050.o
    0x08002f82   0x08002f82   0x00000012   Code   RO         4302    i.MPU6050_setI2CMasterModeEnabled  mpu6050.o
    0x08002f94   0x08002f94   0x00000012   Code   RO         4303    i.MPU6050_setSleepEnabled  mpu6050.o
    0x08002fa6   0x08002fa6   0x00000004   Code   RO          226    i.MemManage_Handler  stm32f10x_it.o
    0x08002faa   0x08002faa   0x00000002   Code   RO          227    i.NMI_Handler       stm32f10x_it.o
    0x08002fac   0x08002fac   0x00000070   Code   RO          421    i.NVIC_Init         misc.o
    0x0800301c   0x0800301c   0x0000000a   Code   RO         4447    i.OLED_Clear        bsp_oled.o
    0x08003026   0x08003026   0x0000002a   Code   RO         4448    i.OLED_Draw_Line    bsp_oled.o
    0x08003050   0x08003050   0x0000003c   Code   RO         4449    i.OLED_Draw_String  bsp_oled.o
    0x0800308c   0x0800308c   0x0000000c   Code   RO         4578    i.OLED_I2C_Init     bsp_oled_i2c.o
    0x08003098   0x08003098   0x0000002c   Code   RO         4581    i.OLED_IIC_Init     bsp_oled_i2c.o
    0x080030c4   0x080030c4   0x00000064   Code   RO         4584    i.OLED_IIC_Send_Byte  bsp_oled_i2c.o
    0x08003128   0x08003128   0x00000068   Code   RO         4585    i.OLED_IIC_Start    bsp_oled_i2c.o
    0x08003190   0x08003190   0x00000050   Code   RO         4586    i.OLED_IIC_Stop     bsp_oled_i2c.o
    0x080031e0   0x080031e0   0x00000068   Code   RO         4587    i.OLED_IIC_Wait_Ack  bsp_oled_i2c.o
    0x08003248   0x08003248   0x00000144   Code   RO         4450    i.OLED_Init         bsp_oled.o
    0x0800338c   0x0800338c   0x00000008   Code   RO         4451    i.OLED_Refresh      bsp_oled.o
    0x08003394   0x08003394   0x00000060   Code   RO         4595    i.OLED_i2cWrite     bsp_oled_i2c.o
    0x080033f4   0x080033f4   0x0000001a   Code   RO         3677    i.PWM_Ignore        motor.o
    0x0800340e   0x0800340e   0x00000012   Code   RO         3678    i.PWM_Limit         motor.o
    0x08003420   0x08003420   0x00000002   Code   RO          228    i.PendSV_Handler    stm32f10x_it.o
    0x08003422   0x08003422   0x00000002   PAD
    0x08003424   0x08003424   0x00000018   Code   RO         1986    i.RCC_ADCCLKConfig  stm32f10x_rcc.o
    0x0800343c   0x0800343c   0x00000020   Code   RO         1988    i.RCC_APB1PeriphClockCmd  stm32f10x_rcc.o
    0x0800345c   0x0800345c   0x00000020   Code   RO         1989    i.RCC_APB1PeriphResetCmd  stm32f10x_rcc.o
    0x0800347c   0x0800347c   0x00000020   Code   RO         1990    i.RCC_APB2PeriphClockCmd  stm32f10x_rcc.o
    0x0800349c   0x0800349c   0x00000020   Code   RO         1991    i.RCC_APB2PeriphResetCmd  stm32f10x_rcc.o
    0x080034bc   0x080034bc   0x000000d4   Code   RO         1998    i.RCC_GetClocksFreq  stm32f10x_rcc.o
    0x08003590   0x08003590   0x00000288   Code   RO         4305    i.Read_DMP          mpu6050.o
    0x08003818   0x08003818   0x00000038   Code   RO         3518    i.Read_Encoder      encoder.o
    0x08003850   0x08003850   0x000000a0   Code   RO         4454    i.SSD1306_DrawPixel  bsp_oled.o
    0x080038f0   0x080038f0   0x00000020   Code   RO         4456    i.SSD1306_Fill      bsp_oled.o
    0x08003910   0x08003910   0x0000000c   Code   RO         4457    i.SSD1306_GotoXY    bsp_oled.o
    0x0800391c   0x0800391c   0x000000a8   Code   RO         4460    i.SSD1306_Putc      bsp_oled.o
    0x080039c4   0x080039c4   0x0000002a   Code   RO         4461    i.SSD1306_Puts      bsp_oled.o
    0x080039ee   0x080039ee   0x00000002   PAD
    0x080039f0   0x080039f0   0x00000048   Code   RO         4463    i.SSD1306_UpdateScreen  bsp_oled.o
    0x08003a38   0x08003a38   0x00000002   Code   RO          229    i.SVC_Handler       stm32f10x_it.o
    0x08003a3a   0x08003a3a   0x00000008   Code   RO          387    i.SetSysClock       system_stm32f10x.o
    0x08003a42   0x08003a42   0x00000002   PAD
    0x08003a44   0x08003a44   0x000000e0   Code   RO          388    i.SetSysClockTo72   system_stm32f10x.o
    0x08003b24   0x08003b24   0x0000009c   Code   RO         3679    i.Set_Pwm           motor.o
    0x08003bc0   0x08003bc0   0x00000028   Code   RO          425    i.SysTick_CLKSourceConfig  misc.o
    0x08003be8   0x08003be8   0x00000002   Code   RO          230    i.SysTick_Handler   stm32f10x_it.o
    0x08003bea   0x08003bea   0x00000002   PAD
    0x08003bec   0x08003bec   0x00000060   Code   RO          390    i.SystemInit        system_stm32f10x.o
    0x08003c4c   0x08003c4c   0x00000080   Code   RO         2606    i.TI1_Config        stm32f10x_tim.o
    0x08003ccc   0x08003ccc   0x00000098   Code   RO         2607    i.TI2_Config        stm32f10x_tim.o
    0x08003d64   0x08003d64   0x00000090   Code   RO         2608    i.TI3_Config        stm32f10x_tim.o
    0x08003df4   0x08003df4   0x00000098   Code   RO         2609    i.TI4_Config        stm32f10x_tim.o
    0x08003e8c   0x08003e8c   0x00000018   Code   RO         3519    i.TIM3_IRQHandler   encoder.o
    0x08003ea4   0x08003ea4   0x00000018   Code   RO         3520    i.TIM4_IRQHandler   encoder.o
    0x08003ebc   0x08003ebc   0x00000050   Code   RO         4715    i.TIM6_IRQHandler   bsp_timer.o
    0x08003f0c   0x08003f0c   0x00000060   Code   RO         4716    i.TIM6_Init         bsp_timer.o
    0x08003f6c   0x08003f6c   0x00000018   Code   RO         2610    i.TIM_ARRPreloadConfig  stm32f10x_tim.o
    0x08003f84   0x08003f84   0x00000006   Code   RO         2616    i.TIM_ClearFlag     stm32f10x_tim.o
    0x08003f8a   0x08003f8a   0x00000006   Code   RO         2617    i.TIM_ClearITPendingBit  stm32f10x_tim.o
    0x08003f90   0x08003f90   0x00000018   Code   RO         2622    i.TIM_Cmd           stm32f10x_tim.o
    0x08003fa8   0x08003fa8   0x0000001e   Code   RO         2624    i.TIM_CtrlPWMOutputs  stm32f10x_tim.o
    0x08003fc6   0x08003fc6   0x00000002   PAD
    0x08003fc8   0x08003fc8   0x000001e8   Code   RO         2627    i.TIM_DeInit        stm32f10x_tim.o
    0x080041b0   0x080041b0   0x00000042   Code   RO         2631    i.TIM_EncoderInterfaceConfig  stm32f10x_tim.o
    0x080041f2   0x080041f2   0x00000022   Code   RO         2643    i.TIM_GetITStatus   stm32f10x_tim.o
    0x08004214   0x08004214   0x000000ac   Code   RO         2645    i.TIM_ICInit        stm32f10x_tim.o
    0x080042c0   0x080042c0   0x00000012   Code   RO         2646    i.TIM_ICStructInit  stm32f10x_tim.o
    0x080042d2   0x080042d2   0x00000012   Code   RO         2647    i.TIM_ITConfig      stm32f10x_tim.o
    0x080042e4   0x080042e4   0x00000098   Code   RO         2651    i.TIM_OC1Init       stm32f10x_tim.o
    0x0800437c   0x0800437c   0x00000012   Code   RO         2654    i.TIM_OC1PreloadConfig  stm32f10x_tim.o
    0x0800438e   0x0800438e   0x00000002   PAD
    0x08004390   0x08004390   0x000000a4   Code   RO         2656    i.TIM_OC2Init       stm32f10x_tim.o
    0x08004434   0x08004434   0x0000001a   Code   RO         2659    i.TIM_OC2PreloadConfig  stm32f10x_tim.o
    0x0800444e   0x0800444e   0x00000002   PAD
    0x08004450   0x08004450   0x000000a0   Code   RO         2661    i.TIM_OC3Init       stm32f10x_tim.o
    0x080044f0   0x080044f0   0x00000012   Code   RO         2664    i.TIM_OC3PreloadConfig  stm32f10x_tim.o
    0x08004502   0x08004502   0x00000002   PAD
    0x08004504   0x08004504   0x0000007c   Code   RO         2666    i.TIM_OC4Init       stm32f10x_tim.o
    0x08004580   0x08004580   0x0000001a   Code   RO         2668    i.TIM_OC4PreloadConfig  stm32f10x_tim.o
    0x0800459a   0x0800459a   0x00000004   Code   RO         2687    i.TIM_SetCounter    stm32f10x_tim.o
    0x0800459e   0x0800459e   0x00000012   Code   RO         2688    i.TIM_SetIC1Prescaler  stm32f10x_tim.o
    0x080045b0   0x080045b0   0x0000001a   Code   RO         2689    i.TIM_SetIC2Prescaler  stm32f10x_tim.o
    0x080045ca   0x080045ca   0x00000012   Code   RO         2690    i.TIM_SetIC3Prescaler  stm32f10x_tim.o
    0x080045dc   0x080045dc   0x0000001a   Code   RO         2691    i.TIM_SetIC4Prescaler  stm32f10x_tim.o
    0x080045f6   0x080045f6   0x00000002   PAD
    0x080045f8   0x080045f8   0x000000a4   Code   RO         2693    i.TIM_TimeBaseInit  stm32f10x_tim.o
    0x0800469c   0x0800469c   0x00000012   Code   RO         2694    i.TIM_TimeBaseStructInit  stm32f10x_tim.o
    0x080046ae   0x080046ae   0x00000002   PAD
    0x080046b0   0x080046b0   0x0000009c   Code   RO            3    i.Turn_PI           main.o
    0x0800474c   0x0800474c   0x00000024   Code   RO         4754    i.USART1_IRQHandler  usart.o
    0x08004770   0x08004770   0x00000020   Code   RO         4756    i.USART1_Send_U8    usart.o
    0x08004790   0x08004790   0x000000a0   Code   RO         3600    i.USART2_init       bsp_usart2.o
    0x08004830   0x08004830   0x00000020   Code   RO         3451    i.USART5_Send_Byte  bsp_bluetooth.o
    0x08004850   0x08004850   0x00000018   Code   RO         3158    i.USART_Cmd         stm32f10x_usart.o
    0x08004868   0x08004868   0x0000001a   Code   RO         3161    i.USART_GetFlagStatus  stm32f10x_usart.o
    0x08004882   0x08004882   0x00000054   Code   RO         3162    i.USART_GetITStatus  stm32f10x_usart.o
    0x080048d6   0x080048d6   0x0000004a   Code   RO         3164    i.USART_ITConfig    stm32f10x_usart.o
    0x08004920   0x08004920   0x000000d8   Code   RO         3165    i.USART_Init        stm32f10x_usart.o
    0x080049f8   0x080049f8   0x0000000a   Code   RO         3172    i.USART_ReceiveData  stm32f10x_usart.o
    0x08004a02   0x08004a02   0x00000008   Code   RO         3175    i.USART_SendData    stm32f10x_usart.o
    0x08004a0a   0x08004a0a   0x00000004   Code   RO          231    i.UsageFault_Handler  stm32f10x_it.o
    0x08004a0e   0x08004a0e   0x00000002   PAD
    0x08004a10   0x08004a10   0x00000058   Code   RO            4    i.Velocity_PI       main.o
    0x08004a68   0x08004a68   0x00000028   Code   RO         5015    i.__ARM_fpclassify  m_ws.l(fpclassify.o)
    0x08004a90   0x08004a90   0x000000aa   Code   RO         5017    i.__kernel_poly     m_ws.l(poly.o)
    0x08004b3a   0x08004b3a   0x00000006   Code   RO         5002    i.__mathlib_dbl_infnan  m_ws.l(dunder.o)
    0x08004b40   0x08004b40   0x00000004   Code   RO         5003    i.__mathlib_dbl_infnan2  m_ws.l(dunder.o)
    0x08004b44   0x08004b44   0x0000000c   Code   RO         5004    i.__mathlib_dbl_invalid  m_ws.l(dunder.o)
    0x08004b50   0x08004b50   0x00000010   Code   RO         5007    i.__mathlib_dbl_underflow  m_ws.l(dunder.o)
    0x08004b60   0x08004b60   0x00000004   Code   RO         4757    i._sys_exit         usart.o
    0x08004b64   0x08004b64   0x000000a8   Code   RO         3711    i.accel_self_test   inv_mpu.o
    0x08004c0c   0x08004c0c   0x00000270   Code   RO         4939    i.asin              m_ws.l(asin.o)
    0x08004e7c   0x08004e7c   0x00000220   Code   RO         4992    i.atan              m_ws.l(atan.o)
    0x0800509c   0x0800509c   0x00000180   Code   RO         4949    i.atan2             m_ws.l(atan2.o)
    0x0800521c   0x0800521c   0x000000a8   Code   RO         3452    i.bluetooth_init    bsp_bluetooth.o
    0x080052c4   0x080052c4   0x00000018   Code   RO         3454    i.bluetooth_send_string  bsp_bluetooth.o
    0x080052dc   0x080052dc   0x00000090   Code   RO         4805    i.bsp_init          bsp.o
    0x0800536c   0x0800536c   0x000000ac   Code   RO         4717    i.cotrol_led        bsp_timer.o
    0x08005418   0x08005418   0x00000064   Code   RO         4000    i.decode_gesture    inv_mpu_dmp_motion_driver.o
    0x0800547c   0x0800547c   0x0000004c   Code   RO         3489    i.delay_init        delay.o
    0x080054c8   0x080054c8   0x0000003c   Code   RO         3490    i.delay_ms          delay.o
    0x08005504   0x08005504   0x00000014   Code   RO         4718    i.delay_time        bsp_timer.o
    0x08005518   0x08005518   0x0000003c   Code   RO         3491    i.delay_us          delay.o
    0x08005554   0x08005554   0x0000003c   Code   RO         4001    i.dmp_enable_6x_lp_quat  inv_mpu_dmp_motion_driver.o
    0x08005590   0x08005590   0x0000021c   Code   RO         4002    i.dmp_enable_feature  inv_mpu_dmp_motion_driver.o
    0x080057ac   0x080057ac   0x00000058   Code   RO         4003    i.dmp_enable_gyro_cal  inv_mpu_dmp_motion_driver.o
    0x08005804   0x08005804   0x0000003c   Code   RO         4004    i.dmp_enable_lp_quat  inv_mpu_dmp_motion_driver.o
    0x08005840   0x08005840   0x00000018   Code   RO         4009    i.dmp_load_motion_driver_firmware  inv_mpu_dmp_motion_driver.o
    0x08005858   0x08005858   0x000001cc   Code   RO         4010    i.dmp_read_fifo     inv_mpu_dmp_motion_driver.o
    0x08005a24   0x08005a24   0x00000130   Code   RO         4013    i.dmp_set_accel_bias  inv_mpu_dmp_motion_driver.o
    0x08005b54   0x08005b54   0x00000070   Code   RO         4014    i.dmp_set_fifo_rate  inv_mpu_dmp_motion_driver.o
    0x08005bc4   0x08005bc4   0x00000130   Code   RO         4015    i.dmp_set_gyro_bias  inv_mpu_dmp_motion_driver.o
    0x08005cf4   0x08005cf4   0x00000138   Code   RO         4017    i.dmp_set_orientation  inv_mpu_dmp_motion_driver.o
    0x08005e2c   0x08005e2c   0x00000038   Code   RO         4020    i.dmp_set_shake_reject_thresh  inv_mpu_dmp_motion_driver.o
    0x08005e64   0x08005e64   0x00000026   Code   RO         4021    i.dmp_set_shake_reject_time  inv_mpu_dmp_motion_driver.o
    0x08005e8a   0x08005e8a   0x00000026   Code   RO         4022    i.dmp_set_shake_reject_timeout  inv_mpu_dmp_motion_driver.o
    0x08005eb0   0x08005eb0   0x00000046   Code   RO         4023    i.dmp_set_tap_axes  inv_mpu_dmp_motion_driver.o
    0x08005ef6   0x08005ef6   0x00000026   Code   RO         4024    i.dmp_set_tap_count  inv_mpu_dmp_motion_driver.o
    0x08005f1c   0x08005f1c   0x000001a0   Code   RO         4025    i.dmp_set_tap_thresh  inv_mpu_dmp_motion_driver.o
    0x080060bc   0x080060bc   0x00000026   Code   RO         4026    i.dmp_set_tap_time  inv_mpu_dmp_motion_driver.o
    0x080060e2   0x080060e2   0x00000026   Code   RO         4027    i.dmp_set_tap_time_multi  inv_mpu_dmp_motion_driver.o
    0x08006108   0x08006108   0x0000001c   Code   RO         4758    i.fputc             usart.o
    0x08006124   0x08006124   0x000000b4   Code   RO         3712    i.get_accel_prod_shift  inv_mpu.o
    0x080061d8   0x080061d8   0x00000470   Code   RO         3713    i.get_st_biases     inv_mpu.o
    0x08006648   0x08006648   0x00000110   Code   RO         3714    i.gyro_self_test    inv_mpu.o
    0x08006758   0x08006758   0x00000076   Code   RO         4191    i.i2cRead           ioi2c.o
    0x080067ce   0x080067ce   0x00000060   Code   RO         4192    i.i2cWrite          ioi2c.o
    0x0800682e   0x0800682e   0x00000028   Code   RO         4307    i.inv_orientation_matrix_to_scalar  mpu6050.o
    0x08006856   0x08006856   0x0000004e   Code   RO         4308    i.inv_row_2_scale   mpu6050.o
    0x080068a4   0x080068a4   0x00000064   Code   RO         3561    i.irtracking_init   bsp_irtracking.o
    0x08006908   0x08006908   0x00000168   Code   RO            5    i.main              main.o
    0x08006a70   0x08006a70   0x00000070   Code   RO         3715    i.mpu_configure_fifo  inv_mpu.o
    0x08006ae0   0x08006ae0   0x0000004c   Code   RO         3716    i.mpu_get_accel_fsr  inv_mpu.o
    0x08006b2c   0x08006b2c   0x00000054   Code   RO         3718    i.mpu_get_accel_sens  inv_mpu.o
    0x08006b80   0x08006b80   0x00000010   Code   RO         3723    i.mpu_get_fifo_config  inv_mpu.o
    0x08006b90   0x08006b90   0x00000044   Code   RO         3724    i.mpu_get_gyro_fsr  inv_mpu.o
    0x08006bd4   0x08006bd4   0x00000050   Code   RO         3726    i.mpu_get_gyro_sens  inv_mpu.o
    0x08006c24   0x08006c24   0x00000050   Code   RO         3728    i.mpu_get_lpf       inv_mpu.o
    0x08006c74   0x08006c74   0x00000020   Code   RO         3730    i.mpu_get_sample_rate  inv_mpu.o
    0x08006c94   0x08006c94   0x000001f0   Code   RO         3732    i.mpu_init          inv_mpu.o
    0x08006e84   0x08006e84   0x000000b8   Code   RO         3733    i.mpu_load_firmware  inv_mpu.o
    0x08006f3c   0x08006f3c   0x000000e0   Code   RO         3734    i.mpu_lp_accel_mode  inv_mpu.o
    0x0800701c   0x0800701c   0x000000c0   Code   RO         3737    i.mpu_read_fifo_stream  inv_mpu.o
    0x080070dc   0x080070dc   0x00000080   Code   RO         3738    i.mpu_read_mem      inv_mpu.o
    0x0800715c   0x0800715c   0x000001bc   Code   RO         3741    i.mpu_reset_fifo    inv_mpu.o
    0x08007318   0x08007318   0x0000011c   Code   RO         3742    i.mpu_run_self_test  inv_mpu.o
    0x08007434   0x08007434   0x00000084   Code   RO         3744    i.mpu_set_accel_fsr  inv_mpu.o
    0x080074b8   0x080074b8   0x0000014c   Code   RO         3745    i.mpu_set_bypass    inv_mpu.o
    0x08007604   0x08007604   0x00000090   Code   RO         3747    i.mpu_set_dmp_state  inv_mpu.o
    0x08007694   0x08007694   0x00000088   Code   RO         3748    i.mpu_set_gyro_fsr  inv_mpu.o
    0x0800771c   0x0800771c   0x0000006c   Code   RO         3749    i.mpu_set_int_latched  inv_mpu.o
    0x08007788   0x08007788   0x00000084   Code   RO         3751    i.mpu_set_lpf       inv_mpu.o
    0x0800780c   0x0800780c   0x0000009c   Code   RO         3752    i.mpu_set_sample_rate  inv_mpu.o
    0x080078a8   0x080078a8   0x000000d0   Code   RO         3753    i.mpu_set_sensors   inv_mpu.o
    0x08007978   0x08007978   0x00000080   Code   RO         3754    i.mpu_write_mem     inv_mpu.o
    0x080079f8   0x080079f8   0x000000b4   Code   RO         4309    i.mul               mpu6050.o
    0x08007aac   0x08007aac   0x00000018   Code   RO            6    i.my_f_abs          main.o
    0x08007ac4   0x08007ac4   0x00000002   Code   RO         3755    i.myget_ms          inv_mpu.o
    0x08007ac6   0x08007ac6   0x00000090   Code   RO         4310    i.run_self_test     mpu6050.o
    0x08007b56   0x08007b56   0x00000002   PAD
    0x08007b58   0x08007b58   0x00000090   Code   RO         3756    i.set_int_enable    inv_mpu.o
    0x08007be8   0x08007be8   0x0000004c   Code   RO         5021    i.sqrt              m_ws.l(sqrt.o)
    0x08007c34   0x08007c34   0x00000014   Code   RO         4464    i.ssd1306_I2C_Write  bsp_oled.o
    0x08007c48   0x08007c48   0x0000001c   Code   RO         4465    i.ssd1306_I2C_WriteMulti  bsp_oled.o
    0x08007c64   0x08007c64   0x000000a0   Code   RO         4759    i.uart_init         usart.o
    0x08007d04   0x08007d04   0x0000002c   Code   RO         5093    locale$$code        c_w.l(lc_numeric_c.o)
    0x08007d30   0x08007d30   0x00000062   Code   RO         4880    x$fpl$d2f           fz_ws.l(d2f.o)
    0x08007d92   0x08007d92   0x00000002   PAD
    0x08007d94   0x08007d94   0x00000150   Code   RO         4882    x$fpl$dadd          fz_ws.l(daddsub_clz.o)
    0x08007ee4   0x08007ee4   0x00000010   Code   RO         5095    x$fpl$dcheck1       fz_ws.l(dcheck1.o)
    0x08007ef4   0x08007ef4   0x00000018   Code   RO         4976    x$fpl$dcmpinf       fz_ws.l(dcmpi.o)
    0x08007f0c   0x08007f0c   0x000002b0   Code   RO         4889    x$fpl$ddiv          fz_ws.l(ddiv.o)
    0x080081bc   0x080081bc   0x00000078   Code   RO         4898    x$fpl$dleqf         fz_ws.l(dleqf.o)
    0x08008234   0x08008234   0x00000154   Code   RO         4900    x$fpl$dmul          fz_ws.l(dmul.o)
    0x08008388   0x08008388   0x0000009c   Code   RO         4978    x$fpl$dnaninf       fz_ws.l(dnaninf.o)
    0x08008424   0x08008424   0x0000000c   Code   RO         4980    x$fpl$dretinf       fz_ws.l(dretinf.o)
    0x08008430   0x08008430   0x00000016   Code   RO         4883    x$fpl$drsb          fz_ws.l(daddsub_clz.o)
    0x08008446   0x08008446   0x00000002   PAD
    0x08008448   0x08008448   0x000001cc   Code   RO         5097    x$fpl$dsqrt         fz_ws.l(dsqrt_noumaal.o)
    0x08008614   0x08008614   0x000001d4   Code   RO         4884    x$fpl$dsub          fz_ws.l(daddsub_clz.o)
    0x080087e8   0x080087e8   0x00000056   Code   RO         4902    x$fpl$f2d           fz_ws.l(f2d.o)
    0x0800883e   0x0800883e   0x00000002   PAD
    0x08008840   0x08008840   0x000000c4   Code   RO         4904    x$fpl$fadd          fz_ws.l(faddsub_clz.o)
    0x08008904   0x08008904   0x00000018   Code   RO         4982    x$fpl$fcmpinf       fz_ws.l(fcmpi.o)
    0x0800891c   0x0800891c   0x00000184   Code   RO         4911    x$fpl$fdiv          fz_ws.l(fdiv.o)
    0x08008aa0   0x08008aa0   0x00000068   Code   RO         4914    x$fpl$feqf          fz_ws.l(feqf.o)
    0x08008b08   0x08008b08   0x00000036   Code   RO         4916    x$fpl$ffix          fz_ws.l(ffix.o)
    0x08008b3e   0x08008b3e   0x00000002   PAD
    0x08008b40   0x08008b40   0x0000003e   Code   RO         4920    x$fpl$ffixu         fz_ws.l(ffixu.o)
    0x08008b7e   0x08008b7e   0x00000002   PAD
    0x08008b80   0x08008b80   0x00000030   Code   RO         4925    x$fpl$fflt          fz_ws.l(fflt_clz.o)
    0x08008bb0   0x08008bb0   0x00000026   Code   RO         4924    x$fpl$ffltu         fz_ws.l(fflt_clz.o)
    0x08008bd6   0x08008bd6   0x00000002   PAD
    0x08008bd8   0x08008bd8   0x00000068   Code   RO         4930    x$fpl$fleqf         fz_ws.l(fleqf.o)
    0x08008c40   0x08008c40   0x00000102   Code   RO         4932    x$fpl$fmul          fz_ws.l(fmul.o)
    0x08008d42   0x08008d42   0x0000008c   Code   RO         4984    x$fpl$fnaninf       fz_ws.l(fnaninf.o)
    0x08008dce   0x08008dce   0x0000000a   Code   RO         4986    x$fpl$fretinf       fz_ws.l(fretinf.o)
    0x08008dd8   0x08008dd8   0x00000062   Code   RO         4934    x$fpl$frleqf        fz_ws.l(frleqf.o)
    0x08008e3a   0x08008e3a   0x00000002   PAD
    0x08008e3c   0x08008e3c   0x000000ea   Code   RO         4906    x$fpl$fsub          fz_ws.l(faddsub_clz.o)
    0x08008f26   0x08008f26   0x00000004   Code   RO         4936    x$fpl$printf1       fz_ws.l(printf1.o)
    0x08008f2a   0x08008f2a   0x00000064   Code   RO         5163    x$fpl$retnan        fz_ws.l(retnan.o)
    0x08008f8e   0x08008f8e   0x0000005c   Code   RO         4988    x$fpl$scalbn        fz_ws.l(scalbn.o)
    0x08008fea   0x08008fea   0x00000030   Code   RO         5175    x$fpl$trapveneer    fz_ws.l(trapv.o)
    0x0800901a   0x0800901a   0x00000000   Code   RO         4990    x$fpl$usenofp       fz_ws.l(usenofp.o)
    0x0800901a   0x0800901a   0x00000002   PAD
    0x0800901c   0x0800901c   0x00000050   Data   RO         3757    .constdata          inv_mpu.o
    0x0800906c   0x0800906c   0x00000bf6   Data   RO         4029    .constdata          inv_mpu_dmp_motion_driver.o
    0x08009c62   0x08009c62   0x00000002   PAD
    0x08009c64   0x08009c64   0x000000b8   Data   RO         4312    .constdata          mpu6050.o
    0x08009d1c   0x08009d1c   0x00002814   Data   RO         4699    .constdata          oled_fonts.o
    0x0800c530   0x0800c530   0x00000050   Data   RO         4940    .constdata          m_ws.l(asin.o)
    0x0800c580   0x0800c580   0x00000098   Data   RO         4993    .constdata          m_ws.l(atan.o)
    0x0800c618   0x0800c618   0x00000008   Data   RO         5019    .constdata          m_ws.l(qnan.o)
    0x0800c620   0x0800c620   0x00000094   Data   RO         5064    .constdata          c_w.l(bigflt0.o)
    0x0800c6b4   0x0800c6b4   0x0000004e   Data   RO         3758    .conststring        inv_mpu.o
    0x0800c702   0x0800c702   0x00000002   PAD
    0x0800c704   0x0800c704   0x00000020   Data   RO         5246    Region$$Table       anon$$obj.o
    0x0800c724   0x0800c724   0x0000001c   Data   RO         5092    locale$$data        c_w.l(lc_numeric_c.o)


    Execution Region RW_IRAM1 (Exec base: 0x20000000, Load base: 0x0800c740, Size: 0x00000ad0, Max: 0x0000c000, ABSOLUTE, COMPRESSED[0x0000004c])

    Exec Addr    Load Addr    Size         Type   Attr      Idx    E Section Name        Object

    0x20000000   COMPRESSED   0x0000001c   Data   RW            8    .data               main.o
    0x2000001c   COMPRESSED   0x00000014   Data   RW          391    .data               system_stm32f10x.o
    0x20000030   COMPRESSED   0x00000014   Data   RW         2018    .data               stm32f10x_rcc.o
    0x20000044   COMPRESSED   0x00000004   Data   RW         3492    .data               delay.o
    0x20000048   COMPRESSED   0x0000002c   Data   RW         3759    .data               inv_mpu.o
    0x20000074   COMPRESSED   0x00000094   Data   RW         4313    .data               mpu6050.o
    0x20000108   COMPRESSED   0x00000006   Data   RW         4467    .data               bsp_oled.o
    0x2000010e   COMPRESSED   0x00000002   PAD
    0x20000110   COMPRESSED   0x00000018   Data   RW         4700    .data               oled_fonts.o
    0x20000128   COMPRESSED   0x0000000f   Data   RW         4720    .data               bsp_timer.o
    0x20000137   COMPRESSED   0x00000001   PAD
    0x20000138   COMPRESSED   0x00000004   Data   RW         4760    .data               usart.o
    0x2000013c        -       0x00000028   Zero   RW            7    .bss                main.o
    0x20000164        -       0x00000010   Zero   RW         4028    .bss                inv_mpu_dmp_motion_driver.o
    0x20000174        -       0x000000fc   Zero   RW         4311    .bss                mpu6050.o
    0x20000270        -       0x00000200   Zero   RW         4466    .bss                bsp_oled.o
    0x20000470        -       0x00000060   Zero   RW         5102    .bss                c_w.l(libspace.o)
    0x200004d0        -       0x00000200   Zero   RW          381    HEAP                startup_stm32f10x_hd.o
    0x200006d0        -       0x00000400   Zero   RW          380    STACK               startup_stm32f10x_hd.o


==============================================================================

Image component sizes


      Code (inc. data)   RO Data    RW Data    ZI Data      Debug   Object Name

       232         48          0          0          0       1417   bsp.o
       140          8          0          0          0        591   bsp_battery.o
        56         10          0          0          0        460   bsp_beep.o
       224         16          0          0          0       1712   bsp_bluetooth.o
       100          8          0          0          0        538   bsp_irtracking.o
        40          6          0          0          0        461   bsp_key.o
        52          8          0          0          0        472   bsp_led.o
       978         38          0          6        512       9148   bsp_oled.o
       578         56          0          0          0       4754   bsp_oled_i2c.o
       368         56          0         15          0       2356   bsp_timer.o
       160          8          0          0          0        678   bsp_usart2.o
         0          0          0          0          0         32   core_cm3.o
       196         24          0          4          0       1591   delay.o
       416         36          0          0          0       3179   encoder.o
      5878        280        158         44          0      25682   inv_mpu.o
      3096        122       3062          0         16      19642   inv_mpu_dmp_motion_driver.o
      1254         92          0          0          0      10263   ioi2c.o
       936        164          0         28         40     260957   main.o
       152         12          0          0          0       1382   misc.o
       416         24          0          0          0       2791   motor.o
      4704        594        184        148        252      30699   mpu6050.o
         0          0      10260         24          0       1087   oled_fonts.o
        64         26        304          0       1536        776   startup_stm32f10x_hd.o
       254         24          0          0          0       5595   stm32f10x_adc.o
       148          6          0          0          0        864   stm32f10x_exti.o
       360          4          0          0          0       2998   stm32f10x_gpio.o
        26          0          0          0          0     264142   stm32f10x_it.o
       364         50          0         20          0       5727   stm32f10x_rcc.o
      2424        264          0          0          0      18042   stm32f10x_tim.o
       442          6          0          0          0       5757   stm32f10x_usart.o
       328         28          0         20          0       2017   system_stm32f10x.o
       260         20          0          4          0       4207   usart.o

    ----------------------------------------------------------------------
     24676       2038      14004        316       2356     690017   Object Totals
         0          0         32          0          0          0   (incl. Generated)
        30          0          4          3          0          0   (incl. Padding)

    ----------------------------------------------------------------------

      Code (inc. data)   RO Data    RW Data    ZI Data      Debug   Library Member Name

        90          0          0          0          0          0   __dczerorl2.o
         8          0          0          0          0         68   __main.o
       104          0          0          0          0         84   __printf.o
         0          0          0          0          0          0   __rtentry.o
        12          0          0          0          0          0   __rtentry2.o
         6          0          0          0          0          0   __rtentry4.o
        52          8          0          0          0          0   __scatter.o
        28          0          0          0          0          0   __scatter_zi.o
        48          6          0          0          0         96   _printf_char_common.o
        36          4          0          0          0         80   _printf_char_file.o
         6          0          0          0          0          0   _printf_d.o
       120         16          0          0          0         92   _printf_dec.o
         6          0          0          0          0          0   _printf_f.o
      1054          0          0          0          0        216   _printf_fp_dec.o
       128         16          0          0          0         84   _printf_fp_infnan.o
       178          0          0          0          0         88   _printf_intcommon.o
         0          0          0          0          0          0   _printf_percent.o
         4          0          0          0          0          0   _printf_percent_end.o
        22          0          0          0          0        100   _rserrno.o
        10          0          0          0          0         68   _sputc.o
        16          0          0          0          0         68   aeabi_memset.o
       228          4        148          0          0         96   bigflt0.o
      1936        128          0          0          0        672   btod.o
        18          0          0          0          0         80   exit.o
         8          0          0          0          0         68   ferror.o
         6          0          0          0          0        152   heapauxi.o
        44         10         28          0          0         76   lc_numeric_c.o
         2          0          0          0          0          0   libinit.o
        18          0          0          0          0          0   libinit2.o
         2          0          0          0          0          0   libshutdown.o
         2          0          0          0          0          0   libshutdown2.o
         8          4          0          0         96         68   libspace.o
        72          0          0          0          0         76   llsdiv.o
       138          0          0          0          0         80   lludiv10.o
       238          0          0          0          0        100   lludivv7m.o
        88          0          0          0          0         76   memcmp.o
        24          4          0          0          0         84   noretval__2printf.o
        40          6          0          0          0         84   noretval__2sprintf.o
         8          4          0          0          0         68   rt_errno_addr_intlibspace.o
         8          4          0          0          0         68   rt_locale_intlibspace.o
        68          0          0          0          0         68   rt_memclr.o
        78          0          0          0          0         80   rt_memclr_w.o
         2          0          0          0          0          0   rtexit.o
        10          0          0          0          0          0   rtexit2.o
       128          0          0          0          0         68   strcmpv7m.o
        74          0          0          0          0         80   sys_stackheap_outer.o
         2          0          0          0          0         68   use_no_semi.o
         2          0          0          0          0         68   use_no_semi_2.o
        98          4          0          0          0         92   d2f.o
       826         16          0          0          0        348   daddsub_clz.o
        16          4          0          0          0         68   dcheck1.o
        24          0          0          0          0         68   dcmpi.o
       688        140          0          0          0        208   ddiv.o
       120          4          0          0          0         92   dleqf.o
       340         12          0          0          0        104   dmul.o
       156          4          0          0          0         92   dnaninf.o
        12          0          0          0          0         68   dretinf.o
       460         56          0          0          0        120   dsqrt_noumaal.o
        86          4          0          0          0         84   f2d.o
       430          8          0          0          0        168   faddsub_clz.o
        24          0          0          0          0         68   fcmpi.o
       388         76          0          0          0         96   fdiv.o
       104          4          0          0          0         84   feqf.o
        54          4          0          0          0         84   ffix.o
        62          4          0          0          0         84   ffixu.o
        86          0          0          0          0        136   fflt_clz.o
       104          4          0          0          0         84   fleqf.o
       258          4          0          0          0         84   fmul.o
       140          4          0          0          0         84   fnaninf.o
        10          0          0          0          0         68   fretinf.o
        98          0          0          0          0         68   frleqf.o
         4          0          0          0          0         68   printf1.o
       100          0          0          0          0         68   retnan.o
        92          0          0          0          0         68   scalbn.o
        48          0          0          0          0         68   trapv.o
         0          0          0          0          0          0   usenofp.o
       624         52         80          0          0        168   asin.o
       544         70        152          0          0        124   atan.o
       384         38          0          0          0        144   atan2.o
        38          6          0          0          0        272   dunder.o
        40          0          0          0          0         68   fpclassify.o
       170          0          0          0          0         96   poly.o
         0          0          8          0          0          0   qnan.o
        76          0          0          0          0         84   sqrt.o

    ----------------------------------------------------------------------
     11912        732        416          0         96       7004   Library Totals
        28          0          0          0          0          0   (incl. Padding)

    ----------------------------------------------------------------------

      Code (inc. data)   RO Data    RW Data    ZI Data      Debug   Library Name

      5180        214        176          0         96       3324   c_w.l
      4828        352          0          0          0       2724   fz_ws.l
      1876        166        240          0          0        956   m_ws.l

    ----------------------------------------------------------------------
     11912        732        416          0         96       7004   Library Totals

    ----------------------------------------------------------------------

==============================================================================


      Code (inc. data)   RO Data    RW Data    ZI Data      Debug   

     36588       2770      14420        316       2452     682145   Grand Totals
     36588       2770      14420         76       2452     682145   ELF Image Totals (compressed)
     36588       2770      14420         76          0          0   ROM Totals

==============================================================================

    Total RO  Size (Code + RO Data)                51008 (  49.81kB)
    Total RW  Size (RW Data + ZI Data)              2768 (   2.70kB)
    Total ROM Size (Code + RO Data + RW Data)      51084 (  49.89kB)

==============================================================================

